Component: ARM Compiler 5.05 update 1 (build 106) Tool: armlink [4d0efa]

==============================================================================

Section Cross References

    startup_stm32f40_41xxx.o(RESET) refers to startup_stm32f40_41xxx.o(STACK) for __initial_sp
    startup_stm32f40_41xxx.o(RESET) refers to startup_stm32f40_41xxx.o(.text) for Reset_Handler
    startup_stm32f40_41xxx.o(RESET) refers to stm32f4xx_it.o(i.NMI_Handler) for NMI_Handler
    startup_stm32f40_41xxx.o(RESET) refers to stm32f4xx_it.o(i.HardFault_Handler) for HardFault_Handler
    startup_stm32f40_41xxx.o(RESET) refers to stm32f4xx_it.o(i.MemManage_Handler) for MemManage_Handler
    startup_stm32f40_41xxx.o(RESET) refers to stm32f4xx_it.o(i.BusFault_Handler) for BusFault_Handler
    startup_stm32f40_41xxx.o(RESET) refers to stm32f4xx_it.o(i.UsageFault_Handler) for UsageFault_Handler
    startup_stm32f40_41xxx.o(RESET) refers to stm32f4xx_it.o(i.SVC_Handler) for SVC_Handler
    startup_stm32f40_41xxx.o(RESET) refers to stm32f4xx_it.o(i.DebugMon_Handler) for DebugMon_Handler
    startup_stm32f40_41xxx.o(RESET) refers to stm32f4xx_it.o(i.PendSV_Handler) for PendSV_Handler
    startup_stm32f40_41xxx.o(RESET) refers to stm32f4xx_it.o(i.SysTick_Handler) for SysTick_Handler
    startup_stm32f40_41xxx.o(RESET) refers to stm32f4xx_it.o(i.EXTI0_IRQHandler) for EXTI0_IRQHandler
    startup_stm32f40_41xxx.o(RESET) refers to stm32f4xx_it.o(i.EXTI1_IRQHandler) for EXTI1_IRQHandler
    startup_stm32f40_41xxx.o(RESET) refers to stm32f4xx_it.o(i.TIM3_IRQHandler) for TIM3_IRQHandler
    startup_stm32f40_41xxx.o(RESET) refers to stm32f4xx_it.o(i.USART1_IRQHandler) for USART1_IRQHandler
    startup_stm32f40_41xxx.o(RESET) refers to stm32f4xx_it.o(i.TIM5_IRQHandler) for TIM5_IRQHandler
    startup_stm32f40_41xxx.o(.text) refers to system_stm32f4xx.o(i.SystemInit) for SystemInit
    startup_stm32f40_41xxx.o(.text) refers to entry.o(.ARM.Collect$$$$00000000) for __main
    stm32f4xx_gpio.o(i.GPIO_DeInit) refers to stm32f4xx_rcc.o(i.RCC_AHB1PeriphResetCmd) for RCC_AHB1PeriphResetCmd
    stm32f4xx_rcc.o(i.RCC_GetClocksFreq) refers to stm32f4xx_rcc.o(.data) for APBAHBPrescTable
    stm32f4xx_rcc.o(i.RCC_WaitForHSEStartUp) refers to stm32f4xx_rcc.o(i.RCC_GetFlagStatus) for RCC_GetFlagStatus
    stm32f4xx_tim.o(i.TIM_DeInit) refers to stm32f4xx_rcc.o(i.RCC_APB2PeriphResetCmd) for RCC_APB2PeriphResetCmd
    stm32f4xx_tim.o(i.TIM_DeInit) refers to stm32f4xx_rcc.o(i.RCC_APB1PeriphResetCmd) for RCC_APB1PeriphResetCmd
    stm32f4xx_tim.o(i.TIM_ETRClockMode1Config) refers to stm32f4xx_tim.o(i.TIM_ETRConfig) for TIM_ETRConfig
    stm32f4xx_tim.o(i.TIM_ETRClockMode2Config) refers to stm32f4xx_tim.o(i.TIM_ETRConfig) for TIM_ETRConfig
    stm32f4xx_tim.o(i.TIM_ICInit) refers to stm32f4xx_tim.o(i.TI1_Config) for TI1_Config
    stm32f4xx_tim.o(i.TIM_ICInit) refers to stm32f4xx_tim.o(i.TIM_SetIC1Prescaler) for TIM_SetIC1Prescaler
    stm32f4xx_tim.o(i.TIM_ICInit) refers to stm32f4xx_tim.o(i.TI2_Config) for TI2_Config
    stm32f4xx_tim.o(i.TIM_ICInit) refers to stm32f4xx_tim.o(i.TIM_SetIC2Prescaler) for TIM_SetIC2Prescaler
    stm32f4xx_tim.o(i.TIM_ICInit) refers to stm32f4xx_tim.o(i.TI3_Config) for TI3_Config
    stm32f4xx_tim.o(i.TIM_ICInit) refers to stm32f4xx_tim.o(i.TIM_SetIC3Prescaler) for TIM_SetIC3Prescaler
    stm32f4xx_tim.o(i.TIM_ICInit) refers to stm32f4xx_tim.o(i.TI4_Config) for TI4_Config
    stm32f4xx_tim.o(i.TIM_ICInit) refers to stm32f4xx_tim.o(i.TIM_SetIC4Prescaler) for TIM_SetIC4Prescaler
    stm32f4xx_tim.o(i.TIM_ITRxExternalClockConfig) refers to stm32f4xx_tim.o(i.TIM_SelectInputTrigger) for TIM_SelectInputTrigger
    stm32f4xx_tim.o(i.TIM_PWMIConfig) refers to stm32f4xx_tim.o(i.TI1_Config) for TI1_Config
    stm32f4xx_tim.o(i.TIM_PWMIConfig) refers to stm32f4xx_tim.o(i.TIM_SetIC1Prescaler) for TIM_SetIC1Prescaler
    stm32f4xx_tim.o(i.TIM_PWMIConfig) refers to stm32f4xx_tim.o(i.TI2_Config) for TI2_Config
    stm32f4xx_tim.o(i.TIM_PWMIConfig) refers to stm32f4xx_tim.o(i.TIM_SetIC2Prescaler) for TIM_SetIC2Prescaler
    stm32f4xx_tim.o(i.TIM_TIxExternalClockConfig) refers to stm32f4xx_tim.o(i.TI2_Config) for TI2_Config
    stm32f4xx_tim.o(i.TIM_TIxExternalClockConfig) refers to stm32f4xx_tim.o(i.TI1_Config) for TI1_Config
    stm32f4xx_tim.o(i.TIM_TIxExternalClockConfig) refers to stm32f4xx_tim.o(i.TIM_SelectInputTrigger) for TIM_SelectInputTrigger
    stm32f4xx_usart.o(i.USART_DeInit) refers to stm32f4xx_rcc.o(i.RCC_APB2PeriphResetCmd) for RCC_APB2PeriphResetCmd
    stm32f4xx_usart.o(i.USART_DeInit) refers to stm32f4xx_rcc.o(i.RCC_APB1PeriphResetCmd) for RCC_APB1PeriphResetCmd
    stm32f4xx_usart.o(i.USART_Init) refers to stm32f4xx_rcc.o(i.RCC_GetClocksFreq) for RCC_GetClocksFreq
    stm32f4xx_syscfg.o(i.SYSCFG_DeInit) refers to stm32f4xx_rcc.o(i.RCC_APB2PeriphResetCmd) for RCC_APB2PeriphResetCmd
    stm32f4xx_adc.o(i.ADC_DeInit) refers to stm32f4xx_rcc.o(i.RCC_APB2PeriphResetCmd) for RCC_APB2PeriphResetCmd
    system_stm32f4xx.o(i.SystemCoreClockUpdate) refers to system_stm32f4xx.o(.data) for SystemCoreClock
    system_stm32f4xx.o(i.SystemInit) refers to system_stm32f4xx.o(i.SetSysClock) for SetSysClock
    bsp.o(i.BSP_Initializes) refers to misc.o(i.NVIC_PriorityGroupConfig) for NVIC_PriorityGroupConfig
    bsp.o(i.BSP_Initializes) refers to bsp.o(i.NVIC_Configuration) for NVIC_Configuration
    bsp.o(i.BSP_Initializes) refers to bsp.o(i.RCC_Configuration) for RCC_Configuration
    bsp.o(i.BSP_Initializes) refers to bsp.o(i.GPIO_Basic_Configuration) for GPIO_Basic_Configuration
    bsp.o(i.BSP_Initializes) refers to bsp.o(i.GPIO_EXTILineConfig) for GPIO_EXTILineConfig
    bsp.o(i.GPIO_Basic_Configuration) refers to stm32f4xx_gpio.o(i.GPIO_Init) for GPIO_Init
    bsp.o(i.GPIO_Basic_Configuration) refers to stm32f4xx_syscfg.o(i.SYSCFG_EXTILineConfig) for SYSCFG_EXTILineConfig
    bsp.o(i.GPIO_EXTILineConfig) refers to stm32f4xx_exti.o(i.EXTI_Init) for EXTI_Init
    bsp.o(i.NVIC_Configuration) refers to misc.o(i.NVIC_Init) for NVIC_Init
    bsp.o(i.RCC_Configuration) refers to stm32f4xx_rcc.o(i.RCC_AHB1PeriphClockCmd) for RCC_AHB1PeriphClockCmd
    bsp.o(i.RCC_Configuration) refers to stm32f4xx_rcc.o(i.RCC_APB1PeriphClockCmd) for RCC_APB1PeriphClockCmd
    bsp.o(i.RCC_Configuration) refers to stm32f4xx_rcc.o(i.RCC_APB2PeriphClockCmd) for RCC_APB2PeriphClockCmd
    timer.o(i.TIM2_CH2_PWM) refers to stm32f4xx_tim.o(i.TIM_TimeBaseInit) for TIM_TimeBaseInit
    timer.o(i.TIM2_CH2_PWM) refers to stm32f4xx_tim.o(i.TIM_OC2Init) for TIM_OC2Init
    timer.o(i.TIM2_CH2_PWM) refers to stm32f4xx_tim.o(i.TIM_Cmd) for TIM_Cmd
    timer.o(i.TIM2_CH2_PWM) refers to system_stm32f4xx.o(.data) for SystemCoreClock
    timer.o(i.TIMDelay_Nms) refers to timer.o(i.TIMDelay_Nus) for TIMDelay_Nus
    timer.o(i.TIMDelay_Nus) refers to stm32f4xx_tim.o(i.TIM_Cmd) for TIM_Cmd
    timer.o(i.TIMDelay_Nus) refers to stm32f4xx_tim.o(i.TIM_GetFlagStatus) for TIM_GetFlagStatus
    timer.o(i.TIMDelay_Nus) refers to stm32f4xx_tim.o(i.TIM_ClearFlag) for TIM_ClearFlag
    timer.o(i.TIMER1_Initializes) refers to stm32f4xx_tim.o(i.TIM_TimeBaseInit) for TIM_TimeBaseInit
    timer.o(i.TIMER5_IC_Configuration) refers to stm32f4xx_tim.o(i.TIM_TimeBaseInit) for TIM_TimeBaseInit
    timer.o(i.TIMER5_IC_Configuration) refers to stm32f4xx_tim.o(i.TIM_ICInit) for TIM_ICInit
    timer.o(i.TIMER5_IC_Configuration) refers to stm32f4xx_tim.o(i.TIM_ITConfig) for TIM_ITConfig
    timer.o(i.TIMER5_IC_Configuration) refers to stm32f4xx_tim.o(i.TIM_Cmd) for TIM_Cmd
    timer.o(i.TIMER_IC_Configuration) refers to stm32f4xx_tim.o(i.TIM_TimeBaseInit) for TIM_TimeBaseInit
    timer.o(i.TIMER_IC_Configuration) refers to stm32f4xx_tim.o(i.TIM_ICInit) for TIM_ICInit
    timer.o(i.TIMER_IC_Configuration) refers to stm32f4xx_tim.o(i.TIM_ITConfig) for TIM_ITConfig
    timer.o(i.TIMER_IC_Configuration) refers to stm32f4xx_tim.o(i.TIM_Cmd) for TIM_Cmd
    timer.o(i.TIMER_IC_GPIO_Configuration) refers to stm32f4xx_gpio.o(i.GPIO_Init) for GPIO_Init
    timer.o(i.TIMER_IC_GPIO_Configuration) refers to stm32f4xx_gpio.o(i.GPIO_PinAFConfig) for GPIO_PinAFConfig
    timer.o(i.TIMER_IC_Initializes) refers to timer.o(i.TIMER_IC_GPIO_Configuration) for TIMER_IC_GPIO_Configuration
    timer.o(i.TIMER_IC_Initializes) refers to timer.o(i.TIMER_IC_Configuration) for TIMER_IC_Configuration
    timer.o(i.TIMER_IC_Initializes) refers to timer.o(i.TIMER5_IC_Configuration) for TIMER5_IC_Configuration
    timer.o(i.TIMER_Initializes) refers to stm32f4xx_tim.o(i.TIM_TimeBaseInit) for TIM_TimeBaseInit
    timer.o(i.TIMER_Initializes) refers to timer.o(i.TIMER1_Initializes) for TIMER1_Initializes
    timer.o(i.TIMER_Initializes) refers to timer.o(i.TIMER_PWM_GPIO_Configuration) for TIMER_PWM_GPIO_Configuration
    timer.o(i.TIMER_Initializes) refers to timer.o(i.TIMER_IC_Initializes) for TIMER_IC_Initializes
    timer.o(i.TIMER_Initializes) refers to system_stm32f4xx.o(.data) for SystemCoreClock
    timer.o(i.TIMER_PWM_GPIO_Configuration) refers to stm32f4xx_gpio.o(i.GPIO_Init) for GPIO_Init
    timer.o(i.TIMER_PWM_GPIO_Configuration) refers to stm32f4xx_gpio.o(i.GPIO_PinAFConfig) for GPIO_PinAFConfig
    adc.o(i.ADC_Initializes) refers to stm32f4xx_adc.o(i.ADC_CommonInit) for ADC_CommonInit
    adc.o(i.ADC_Initializes) refers to stm32f4xx_adc.o(i.ADC_Init) for ADC_Init
    adc.o(i.ADC_Initializes) refers to stm32f4xx_adc.o(i.ADC_RegularChannelConfig) for ADC_RegularChannelConfig
    adc.o(i.ADC_Initializes) refers to stm32f4xx_adc.o(i.ADC_Cmd) for ADC_Cmd
    oled.o(i.OLED_Clear) refers to oled.o(i.OLED_Refresh_Gram) for OLED_Refresh_Gram
    oled.o(i.OLED_Clear) refers to oled.o(.bss) for OLED_GRAM
    oled.o(i.OLED_DrawPoint) refers to oled.o(.bss) for OLED_GRAM
    oled.o(i.OLED_Init) refers to timer.o(i.TIMDelay_Nms) for TIMDelay_Nms
    oled.o(i.OLED_Init) refers to oled.o(i.OLED_WR_Byte) for OLED_WR_Byte
    oled.o(i.OLED_Init) refers to oled.o(i.OLED_Clear) for OLED_Clear
    oled.o(i.OLED_Refresh_Gram) refers to oled.o(i.OLED_WR_Byte) for OLED_WR_Byte
    oled.o(i.OLED_Refresh_Gram) refers to oled.o(.bss) for OLED_GRAM
    oled.o(i.OLED_ShowChar) refers to oled.o(i.OLED_DrawPoint) for OLED_DrawPoint
    oled.o(i.OLED_ShowChar) refers to oled.o(.constdata) for asc2_1206
    oled.o(i.OLED_ShowNum) refers to oled.o(i.mypow) for mypow
    oled.o(i.OLED_ShowNum) refers to oled.o(i.OLED_ShowChar) for OLED_ShowChar
    oled.o(i.OLED_ShowString) refers to oled.o(i.OLED_Clear) for OLED_Clear
    oled.o(i.OLED_ShowString) refers to oled.o(i.OLED_ShowChar) for OLED_ShowChar
    oled.o(i.OLED_WR_Byte) refers to oled.o(i.OLED_Data_Out) for OLED_Data_Out
    usart.o(i.USART1_SendByte) refers to stm32f4xx_usart.o(i.USART_SendData) for USART_SendData
    usart.o(i.USART1_SendByte) refers to stm32f4xx_usart.o(i.USART_GetFlagStatus) for USART_GetFlagStatus
    usart.o(i.USART1_SendNByte) refers to usart.o(i.USART1_SendByte) for USART1_SendByte
    usart.o(i.USART1_SendString) refers to usart.o(i.USART1_SendByte) for USART1_SendByte
    usart.o(i.USART_Configuration) refers to stm32f4xx_usart.o(i.USART_Init) for USART_Init
    usart.o(i.USART_Configuration) refers to stm32f4xx_usart.o(i.USART_ITConfig) for USART_ITConfig
    usart.o(i.USART_Configuration) refers to stm32f4xx_usart.o(i.USART_Cmd) for USART_Cmd
    usart.o(i.USART_GPIO_Configuration) refers to stm32f4xx_gpio.o(i.GPIO_PinAFConfig) for GPIO_PinAFConfig
    usart.o(i.USART_GPIO_Configuration) refers to stm32f4xx_gpio.o(i.GPIO_Init) for GPIO_Init
    usart.o(i.USART_Initializes) refers to usart.o(i.USART_GPIO_Configuration) for USART_GPIO_Configuration
    usart.o(i.USART_Initializes) refers to usart.o(i.USART_Configuration) for USART_Configuration
    usart.o(i.fgetc) refers to stm32f4xx_usart.o(i.USART_GetFlagStatus) for USART_GetFlagStatus
    usart.o(i.fgetc) refers to stm32f4xx_usart.o(i.USART_ReceiveData) for USART_ReceiveData
    usart.o(i.fputc) refers to usart.o(i.USART1_SendByte) for USART1_SendByte
    main.o(i.Get_Data) refers to stm32f4xx_adc.o(i.ADC_SoftwareStartConv) for ADC_SoftwareStartConv
    main.o(i.Get_Data) refers to stm32f4xx_adc.o(i.ADC_GetConversionValue) for ADC_GetConversionValue
    main.o(i.Get_Data) refers to global_variable.o(.bss) for data
    main.o(i.System_Initializes) refers to bsp.o(i.BSP_Initializes) for BSP_Initializes
    main.o(i.System_Initializes) refers to timer.o(i.TIMER_Initializes) for TIMER_Initializes
    main.o(i.System_Initializes) refers to adc.o(i.ADC_Initializes) for ADC_Initializes
    main.o(i.System_Initializes) refers to usart.o(i.USART_Initializes) for USART_Initializes
    main.o(i.System_Initializes) refers to oled.o(i.OLED_Init) for OLED_Init
    main.o(i.main) refers to main.o(i.System_Initializes) for System_Initializes
    main.o(i.main) refers to timer.o(i.TIM2_CH2_PWM) for TIM2_CH2_PWM
    main.o(i.main) refers to oled.o(i.OLED_ShowString) for OLED_ShowString
    main.o(i.main) refers to stm32f4xx_gpio.o(i.GPIO_ToggleBits) for GPIO_ToggleBits
    main.o(i.main) refers to main.o(i.Get_Data) for Get_Data
    main.o(i.main) refers to main.o(i.proc_data) for proc_data
    main.o(i.main) refers to oled.o(i.OLED_ShowNum) for OLED_ShowNum
    main.o(i.main) refers to oled.o(i.OLED_Refresh_Gram) for OLED_Refresh_Gram
    main.o(i.main) refers to timer.o(i.TIMDelay_Nms) for TIMDelay_Nms
    main.o(i.main) refers to global_variable.o(.data) for Max
    main.o(i.proc_data) refers to global_variable.o(.bss) for data
    stm32f4xx_it.o(i.EXTI0_IRQHandler) refers to stm32f4xx_exti.o(i.EXTI_GetITStatus) for EXTI_GetITStatus
    stm32f4xx_it.o(i.EXTI0_IRQHandler) refers to stm32f4xx_tim.o(i.TIM_Cmd) for TIM_Cmd
    stm32f4xx_it.o(i.EXTI0_IRQHandler) refers to stm32f4xx_exti.o(i.EXTI_ClearITPendingBit) for EXTI_ClearITPendingBit
    stm32f4xx_it.o(i.EXTI1_IRQHandler) refers to stm32f4xx_exti.o(i.EXTI_GetITStatus) for EXTI_GetITStatus
    stm32f4xx_it.o(i.EXTI1_IRQHandler) refers to stm32f4xx_tim.o(i.TIM_Cmd) for TIM_Cmd
    stm32f4xx_it.o(i.EXTI1_IRQHandler) refers to stm32f4xx_exti.o(i.EXTI_ClearITPendingBit) for EXTI_ClearITPendingBit
    stm32f4xx_it.o(i.EXTI1_IRQHandler) refers to global_variable.o(.data) for Rise
    stm32f4xx_it.o(i.TIM3_IRQHandler) refers to stm32f4xx_tim.o(i.TIM_GetITStatus) for TIM_GetITStatus
    stm32f4xx_it.o(i.TIM3_IRQHandler) refers to stm32f4xx_tim.o(i.TIM_ClearITPendingBit) for TIM_ClearITPendingBit
    stm32f4xx_it.o(i.TIM3_IRQHandler) refers to stm32f4xx_it.o(.data) for flag_capture
    stm32f4xx_it.o(i.TIM3_IRQHandler) refers to system_stm32f4xx.o(.data) for SystemCoreClock
    stm32f4xx_it.o(i.TIM3_IRQHandler) refers to global_variable.o(.data) for Freq_InputCapture
    stm32f4xx_it.o(i.TIM5_IRQHandler) refers to stm32f4xx_tim.o(i.TIM_GetITStatus) for TIM_GetITStatus
    stm32f4xx_it.o(i.TIM5_IRQHandler) refers to stm32f4xx_tim.o(i.TIM_ClearITPendingBit) for TIM_ClearITPendingBit
    stm32f4xx_it.o(i.TIM5_IRQHandler) refers to stm32f4xx_it.o(.data) for flag_capture
    stm32f4xx_it.o(i.TIM5_IRQHandler) refers to system_stm32f4xx.o(.data) for SystemCoreClock
    stm32f4xx_it.o(i.TIM5_IRQHandler) refers to global_variable.o(.data) for Freq_InputCapture
    stm32f4xx_it.o(i.USART1_IRQHandler) refers to usart.o(i.USART1_SendByte) for USART1_SendByte
    entry.o(.ARM.Collect$$$$00000000) refers (Special) to entry10a.o(.ARM.Collect$$$$0000000D) for __rt_final_cpp
    entry.o(.ARM.Collect$$$$00000000) refers (Special) to entry11a.o(.ARM.Collect$$$$0000000F) for __rt_final_exit
    entry.o(.ARM.Collect$$$$00000000) refers (Special) to entry7b.o(.ARM.Collect$$$$00000008) for _main_clock
    entry.o(.ARM.Collect$$$$00000000) refers (Special) to entry8b.o(.ARM.Collect$$$$0000000A) for _main_cpp_init
    entry.o(.ARM.Collect$$$$00000000) refers (Special) to entry9a.o(.ARM.Collect$$$$0000000B) for _main_init
    entry.o(.ARM.Collect$$$$00000000) refers (Special) to entry5.o(.ARM.Collect$$$$00000004) for _main_scatterload
    entry.o(.ARM.Collect$$$$00000000) refers (Special) to entry2.o(.ARM.Collect$$$$00000001) for _main_stk
    entry2.o(.ARM.Collect$$$$00000001) refers to entry2.o(.ARM.Collect$$$$00002712) for __lit__00000000
    entry2.o(.ARM.Collect$$$$00002712) refers to startup_stm32f40_41xxx.o(STACK) for __initial_sp
    entry2.o(__vectab_stack_and_reset_area) refers to startup_stm32f40_41xxx.o(STACK) for __initial_sp
    entry2.o(__vectab_stack_and_reset_area) refers to entry.o(.ARM.Collect$$$$00000000) for __main
    entry5.o(.ARM.Collect$$$$00000004) refers to init.o(.text) for __scatterload
    entry9a.o(.ARM.Collect$$$$0000000B) refers to main.o(i.main) for main
    entry9b.o(.ARM.Collect$$$$0000000C) refers to main.o(i.main) for main
    init.o(.text) refers to entry5.o(.ARM.Collect$$$$00000004) for __main_after_scatterload


==============================================================================

Removing Unused input sections from the image.

    Removing startup_stm32f40_41xxx.o(HEAP), (512 bytes).
    Removing misc.o(.rev16_text), (4 bytes).
    Removing misc.o(.revsh_text), (4 bytes).
    Removing misc.o(.rrx_text), (6 bytes).
    Removing misc.o(i.NVIC_SetVectorTable), (20 bytes).
    Removing misc.o(i.NVIC_SystemLPConfig), (32 bytes).
    Removing misc.o(i.SysTick_CLKSourceConfig), (40 bytes).
    Removing stm32f4xx_gpio.o(.rev16_text), (4 bytes).
    Removing stm32f4xx_gpio.o(.revsh_text), (4 bytes).
    Removing stm32f4xx_gpio.o(.rrx_text), (6 bytes).
    Removing stm32f4xx_gpio.o(i.GPIO_DeInit), (312 bytes).
    Removing stm32f4xx_gpio.o(i.GPIO_PinLockConfig), (34 bytes).
    Removing stm32f4xx_gpio.o(i.GPIO_ReadInputData), (8 bytes).
    Removing stm32f4xx_gpio.o(i.GPIO_ReadInputDataBit), (18 bytes).
    Removing stm32f4xx_gpio.o(i.GPIO_ReadOutputData), (8 bytes).
    Removing stm32f4xx_gpio.o(i.GPIO_ReadOutputDataBit), (18 bytes).
    Removing stm32f4xx_gpio.o(i.GPIO_ResetBits), (4 bytes).
    Removing stm32f4xx_gpio.o(i.GPIO_SetBits), (4 bytes).
    Removing stm32f4xx_gpio.o(i.GPIO_StructInit), (18 bytes).
    Removing stm32f4xx_gpio.o(i.GPIO_Write), (4 bytes).
    Removing stm32f4xx_gpio.o(i.GPIO_WriteBit), (10 bytes).
    Removing stm32f4xx_rcc.o(.rev16_text), (4 bytes).
    Removing stm32f4xx_rcc.o(.revsh_text), (4 bytes).
    Removing stm32f4xx_rcc.o(.rrx_text), (6 bytes).
    Removing stm32f4xx_rcc.o(i.RCC_AHB1PeriphClockLPModeCmd), (32 bytes).
    Removing stm32f4xx_rcc.o(i.RCC_AHB1PeriphResetCmd), (32 bytes).
    Removing stm32f4xx_rcc.o(i.RCC_AHB2PeriphClockCmd), (32 bytes).
    Removing stm32f4xx_rcc.o(i.RCC_AHB2PeriphClockLPModeCmd), (32 bytes).
    Removing stm32f4xx_rcc.o(i.RCC_AHB2PeriphResetCmd), (32 bytes).
    Removing stm32f4xx_rcc.o(i.RCC_AHB3PeriphClockCmd), (32 bytes).
    Removing stm32f4xx_rcc.o(i.RCC_AHB3PeriphClockLPModeCmd), (32 bytes).
    Removing stm32f4xx_rcc.o(i.RCC_AHB3PeriphResetCmd), (32 bytes).
    Removing stm32f4xx_rcc.o(i.RCC_APB1PeriphClockLPModeCmd), (32 bytes).
    Removing stm32f4xx_rcc.o(i.RCC_APB1PeriphResetCmd), (32 bytes).
    Removing stm32f4xx_rcc.o(i.RCC_APB2PeriphClockLPModeCmd), (32 bytes).
    Removing stm32f4xx_rcc.o(i.RCC_APB2PeriphResetCmd), (32 bytes).
    Removing stm32f4xx_rcc.o(i.RCC_AdjustHSICalibrationValue), (24 bytes).
    Removing stm32f4xx_rcc.o(i.RCC_BackupResetCmd), (12 bytes).
    Removing stm32f4xx_rcc.o(i.RCC_ClearFlag), (20 bytes).
    Removing stm32f4xx_rcc.o(i.RCC_ClearITPendingBit), (12 bytes).
    Removing stm32f4xx_rcc.o(i.RCC_ClockSecuritySystemCmd), (12 bytes).
    Removing stm32f4xx_rcc.o(i.RCC_DeInit), (100 bytes).
    Removing stm32f4xx_rcc.o(i.RCC_GetFlagStatus), (64 bytes).
    Removing stm32f4xx_rcc.o(i.RCC_GetITStatus), (24 bytes).
    Removing stm32f4xx_rcc.o(i.RCC_GetSYSCLKSource), (16 bytes).
    Removing stm32f4xx_rcc.o(i.RCC_HCLKConfig), (24 bytes).
    Removing stm32f4xx_rcc.o(i.RCC_HSEConfig), (16 bytes).
    Removing stm32f4xx_rcc.o(i.RCC_HSICmd), (12 bytes).
    Removing stm32f4xx_rcc.o(i.RCC_I2SCLKConfig), (12 bytes).
    Removing stm32f4xx_rcc.o(i.RCC_ITConfig), (32 bytes).
    Removing stm32f4xx_rcc.o(i.RCC_LSEConfig), (44 bytes).
    Removing stm32f4xx_rcc.o(i.RCC_LSEModeConfig), (36 bytes).
    Removing stm32f4xx_rcc.o(i.RCC_LSICmd), (12 bytes).
    Removing stm32f4xx_rcc.o(i.RCC_LTDCCLKDivConfig), (24 bytes).
    Removing stm32f4xx_rcc.o(i.RCC_MCO1Config), (28 bytes).
    Removing stm32f4xx_rcc.o(i.RCC_MCO2Config), (28 bytes).
    Removing stm32f4xx_rcc.o(i.RCC_PCLK1Config), (24 bytes).
    Removing stm32f4xx_rcc.o(i.RCC_PCLK2Config), (24 bytes).
    Removing stm32f4xx_rcc.o(i.RCC_PLLCmd), (12 bytes).
    Removing stm32f4xx_rcc.o(i.RCC_PLLConfig), (36 bytes).
    Removing stm32f4xx_rcc.o(i.RCC_PLLI2SCmd), (12 bytes).
    Removing stm32f4xx_rcc.o(i.RCC_PLLI2SConfig), (16 bytes).
    Removing stm32f4xx_rcc.o(i.RCC_PLLSAICmd), (12 bytes).
    Removing stm32f4xx_rcc.o(i.RCC_PLLSAIConfig), (24 bytes).
    Removing stm32f4xx_rcc.o(i.RCC_RTCCLKCmd), (12 bytes).
    Removing stm32f4xx_rcc.o(i.RCC_RTCCLKConfig), (60 bytes).
    Removing stm32f4xx_rcc.o(i.RCC_SAIBlockACLKConfig), (24 bytes).
    Removing stm32f4xx_rcc.o(i.RCC_SAIBlockBCLKConfig), (24 bytes).
    Removing stm32f4xx_rcc.o(i.RCC_SAIPLLI2SClkDivConfig), (28 bytes).
    Removing stm32f4xx_rcc.o(i.RCC_SAIPLLSAIClkDivConfig), (28 bytes).
    Removing stm32f4xx_rcc.o(i.RCC_SYSCLKConfig), (24 bytes).
    Removing stm32f4xx_rcc.o(i.RCC_TIMCLKPresConfig), (12 bytes).
    Removing stm32f4xx_rcc.o(i.RCC_WaitForHSEStartUp), (56 bytes).
    Removing stm32f4xx_tim.o(.rev16_text), (4 bytes).
    Removing stm32f4xx_tim.o(.revsh_text), (4 bytes).
    Removing stm32f4xx_tim.o(.rrx_text), (6 bytes).
    Removing stm32f4xx_tim.o(i.TIM_ARRPreloadConfig), (24 bytes).
    Removing stm32f4xx_tim.o(i.TIM_BDTRConfig), (32 bytes).
    Removing stm32f4xx_tim.o(i.TIM_BDTRStructInit), (18 bytes).
    Removing stm32f4xx_tim.o(i.TIM_CCPreloadControl), (24 bytes).
    Removing stm32f4xx_tim.o(i.TIM_CCxCmd), (30 bytes).
    Removing stm32f4xx_tim.o(i.TIM_CCxNCmd), (30 bytes).
    Removing stm32f4xx_tim.o(i.TIM_ClearOC1Ref), (18 bytes).
    Removing stm32f4xx_tim.o(i.TIM_ClearOC2Ref), (24 bytes).
    Removing stm32f4xx_tim.o(i.TIM_ClearOC3Ref), (18 bytes).
    Removing stm32f4xx_tim.o(i.TIM_ClearOC4Ref), (24 bytes).
    Removing stm32f4xx_tim.o(i.TIM_CounterModeConfig), (18 bytes).
    Removing stm32f4xx_tim.o(i.TIM_CtrlPWMOutputs), (30 bytes).
    Removing stm32f4xx_tim.o(i.TIM_DMACmd), (18 bytes).
    Removing stm32f4xx_tim.o(i.TIM_DMAConfig), (10 bytes).
    Removing stm32f4xx_tim.o(i.TIM_DeInit), (400 bytes).
    Removing stm32f4xx_tim.o(i.TIM_ETRClockMode1Config), (54 bytes).
    Removing stm32f4xx_tim.o(i.TIM_ETRClockMode2Config), (32 bytes).
    Removing stm32f4xx_tim.o(i.TIM_ETRConfig), (28 bytes).
    Removing stm32f4xx_tim.o(i.TIM_EncoderInterfaceConfig), (66 bytes).
    Removing stm32f4xx_tim.o(i.TIM_ForcedOC1Config), (18 bytes).
    Removing stm32f4xx_tim.o(i.TIM_ForcedOC2Config), (26 bytes).
    Removing stm32f4xx_tim.o(i.TIM_ForcedOC3Config), (18 bytes).
    Removing stm32f4xx_tim.o(i.TIM_ForcedOC4Config), (26 bytes).
    Removing stm32f4xx_tim.o(i.TIM_GenerateEvent), (4 bytes).
    Removing stm32f4xx_tim.o(i.TIM_GetCapture1), (6 bytes).
    Removing stm32f4xx_tim.o(i.TIM_GetCapture2), (6 bytes).
    Removing stm32f4xx_tim.o(i.TIM_GetCapture3), (6 bytes).
    Removing stm32f4xx_tim.o(i.TIM_GetCapture4), (6 bytes).
    Removing stm32f4xx_tim.o(i.TIM_GetCounter), (6 bytes).
    Removing stm32f4xx_tim.o(i.TIM_GetPrescaler), (6 bytes).
    Removing stm32f4xx_tim.o(i.TIM_ICStructInit), (18 bytes).
    Removing stm32f4xx_tim.o(i.TIM_ITRxExternalClockConfig), (24 bytes).
    Removing stm32f4xx_tim.o(i.TIM_InternalClockConfig), (12 bytes).
    Removing stm32f4xx_tim.o(i.TIM_OC1FastConfig), (18 bytes).
    Removing stm32f4xx_tim.o(i.TIM_OC1Init), (124 bytes).
    Removing stm32f4xx_tim.o(i.TIM_OC1NPolarityConfig), (18 bytes).
    Removing stm32f4xx_tim.o(i.TIM_OC1PolarityConfig), (18 bytes).
    Removing stm32f4xx_tim.o(i.TIM_OC1PreloadConfig), (18 bytes).
    Removing stm32f4xx_tim.o(i.TIM_OC2FastConfig), (26 bytes).
    Removing stm32f4xx_tim.o(i.TIM_OC2NPolarityConfig), (26 bytes).
    Removing stm32f4xx_tim.o(i.TIM_OC2PolarityConfig), (26 bytes).
    Removing stm32f4xx_tim.o(i.TIM_OC2PreloadConfig), (26 bytes).
    Removing stm32f4xx_tim.o(i.TIM_OC3FastConfig), (18 bytes).
    Removing stm32f4xx_tim.o(i.TIM_OC3Init), (160 bytes).
    Removing stm32f4xx_tim.o(i.TIM_OC3NPolarityConfig), (26 bytes).
    Removing stm32f4xx_tim.o(i.TIM_OC3PolarityConfig), (26 bytes).
    Removing stm32f4xx_tim.o(i.TIM_OC3PreloadConfig), (18 bytes).
    Removing stm32f4xx_tim.o(i.TIM_OC4FastConfig), (26 bytes).
    Removing stm32f4xx_tim.o(i.TIM_OC4Init), (120 bytes).
    Removing stm32f4xx_tim.o(i.TIM_OC4PolarityConfig), (26 bytes).
    Removing stm32f4xx_tim.o(i.TIM_OC4PreloadConfig), (26 bytes).
    Removing stm32f4xx_tim.o(i.TIM_OCStructInit), (20 bytes).
    Removing stm32f4xx_tim.o(i.TIM_PWMIConfig), (124 bytes).
    Removing stm32f4xx_tim.o(i.TIM_PrescalerConfig), (6 bytes).
    Removing stm32f4xx_tim.o(i.TIM_RemapConfig), (6 bytes).
    Removing stm32f4xx_tim.o(i.TIM_SelectCCDMA), (24 bytes).
    Removing stm32f4xx_tim.o(i.TIM_SelectCOM), (24 bytes).
    Removing stm32f4xx_tim.o(i.TIM_SelectHallSensor), (24 bytes).
    Removing stm32f4xx_tim.o(i.TIM_SelectInputTrigger), (18 bytes).
    Removing stm32f4xx_tim.o(i.TIM_SelectMasterSlaveMode), (18 bytes).
    Removing stm32f4xx_tim.o(i.TIM_SelectOCxM), (86 bytes).
    Removing stm32f4xx_tim.o(i.TIM_SelectOnePulseMode), (18 bytes).
    Removing stm32f4xx_tim.o(i.TIM_SelectOutputTrigger), (18 bytes).
    Removing stm32f4xx_tim.o(i.TIM_SelectSlaveMode), (18 bytes).
    Removing stm32f4xx_tim.o(i.TIM_SetAutoreload), (4 bytes).
    Removing stm32f4xx_tim.o(i.TIM_SetClockDivision), (18 bytes).
    Removing stm32f4xx_tim.o(i.TIM_SetCompare1), (4 bytes).
    Removing stm32f4xx_tim.o(i.TIM_SetCompare2), (4 bytes).
    Removing stm32f4xx_tim.o(i.TIM_SetCompare3), (4 bytes).
    Removing stm32f4xx_tim.o(i.TIM_SetCompare4), (4 bytes).
    Removing stm32f4xx_tim.o(i.TIM_SetCounter), (4 bytes).
    Removing stm32f4xx_tim.o(i.TIM_TIxExternalClockConfig), (62 bytes).
    Removing stm32f4xx_tim.o(i.TIM_TimeBaseStructInit), (18 bytes).
    Removing stm32f4xx_tim.o(i.TIM_UpdateDisableConfig), (24 bytes).
    Removing stm32f4xx_tim.o(i.TIM_UpdateRequestConfig), (24 bytes).
    Removing stm32f4xx_usart.o(.rev16_text), (4 bytes).
    Removing stm32f4xx_usart.o(.revsh_text), (4 bytes).
    Removing stm32f4xx_usart.o(.rrx_text), (6 bytes).
    Removing stm32f4xx_usart.o(i.USART_ClearFlag), (18 bytes).
    Removing stm32f4xx_usart.o(i.USART_ClearITPendingBit), (30 bytes).
    Removing stm32f4xx_usart.o(i.USART_ClockInit), (32 bytes).
    Removing stm32f4xx_usart.o(i.USART_ClockStructInit), (12 bytes).
    Removing stm32f4xx_usart.o(i.USART_DMACmd), (18 bytes).
    Removing stm32f4xx_usart.o(i.USART_DeInit), (240 bytes).
    Removing stm32f4xx_usart.o(i.USART_GetITStatus), (84 bytes).
    Removing stm32f4xx_usart.o(i.USART_HalfDuplexCmd), (24 bytes).
    Removing stm32f4xx_usart.o(i.USART_IrDACmd), (24 bytes).
    Removing stm32f4xx_usart.o(i.USART_IrDAConfig), (18 bytes).
    Removing stm32f4xx_usart.o(i.USART_LINBreakDetectLengthConfig), (18 bytes).
    Removing stm32f4xx_usart.o(i.USART_LINCmd), (24 bytes).
    Removing stm32f4xx_usart.o(i.USART_OneBitMethodCmd), (24 bytes).
    Removing stm32f4xx_usart.o(i.USART_OverSampling8Cmd), (22 bytes).
    Removing stm32f4xx_usart.o(i.USART_ReceiveData), (10 bytes).
    Removing stm32f4xx_usart.o(i.USART_ReceiverWakeUpCmd), (24 bytes).
    Removing stm32f4xx_usart.o(i.USART_SendBreak), (10 bytes).
    Removing stm32f4xx_usart.o(i.USART_SetAddress), (18 bytes).
    Removing stm32f4xx_usart.o(i.USART_SetGuardTime), (16 bytes).
    Removing stm32f4xx_usart.o(i.USART_SetPrescaler), (16 bytes).
    Removing stm32f4xx_usart.o(i.USART_SmartCardCmd), (24 bytes).
    Removing stm32f4xx_usart.o(i.USART_SmartCardNACKCmd), (24 bytes).
    Removing stm32f4xx_usart.o(i.USART_StructInit), (24 bytes).
    Removing stm32f4xx_usart.o(i.USART_WakeUpConfig), (18 bytes).
    Removing stm32f4xx_exti.o(.rev16_text), (4 bytes).
    Removing stm32f4xx_exti.o(.revsh_text), (4 bytes).
    Removing stm32f4xx_exti.o(.rrx_text), (6 bytes).
    Removing stm32f4xx_exti.o(i.EXTI_ClearFlag), (12 bytes).
    Removing stm32f4xx_exti.o(i.EXTI_DeInit), (36 bytes).
    Removing stm32f4xx_exti.o(i.EXTI_GenerateSWInterrupt), (16 bytes).
    Removing stm32f4xx_exti.o(i.EXTI_GetFlagStatus), (24 bytes).
    Removing stm32f4xx_exti.o(i.EXTI_StructInit), (16 bytes).
    Removing stm32f4xx_syscfg.o(.rev16_text), (4 bytes).
    Removing stm32f4xx_syscfg.o(.revsh_text), (4 bytes).
    Removing stm32f4xx_syscfg.o(.rrx_text), (6 bytes).
    Removing stm32f4xx_syscfg.o(i.SYSCFG_CompensationCellCmd), (12 bytes).
    Removing stm32f4xx_syscfg.o(i.SYSCFG_DeInit), (22 bytes).
    Removing stm32f4xx_syscfg.o(i.SYSCFG_ETH_MediaInterfaceConfig), (12 bytes).
    Removing stm32f4xx_syscfg.o(i.SYSCFG_GetCompensationCellStatus), (24 bytes).
    Removing stm32f4xx_syscfg.o(i.SYSCFG_MemoryRemapConfig), (12 bytes).
    Removing stm32f4xx_syscfg.o(i.SYSCFG_MemorySwappingBank), (12 bytes).
    Removing stm32f4xx_adc.o(.rev16_text), (4 bytes).
    Removing stm32f4xx_adc.o(.revsh_text), (4 bytes).
    Removing stm32f4xx_adc.o(.rrx_text), (6 bytes).
    Removing stm32f4xx_adc.o(i.ADC_AnalogWatchdogCmd), (20 bytes).
    Removing stm32f4xx_adc.o(i.ADC_AnalogWatchdogSingleChannelConfig), (16 bytes).
    Removing stm32f4xx_adc.o(i.ADC_AnalogWatchdogThresholdsConfig), (6 bytes).
    Removing stm32f4xx_adc.o(i.ADC_AutoInjectedConvCmd), (22 bytes).
    Removing stm32f4xx_adc.o(i.ADC_ClearFlag), (6 bytes).
    Removing stm32f4xx_adc.o(i.ADC_ClearITPendingBit), (10 bytes).
    Removing stm32f4xx_adc.o(i.ADC_CommonStructInit), (12 bytes).
    Removing stm32f4xx_adc.o(i.ADC_ContinuousModeCmd), (22 bytes).
    Removing stm32f4xx_adc.o(i.ADC_DMACmd), (22 bytes).
    Removing stm32f4xx_adc.o(i.ADC_DMARequestAfterLastTransferCmd), (22 bytes).
    Removing stm32f4xx_adc.o(i.ADC_DeInit), (22 bytes).
    Removing stm32f4xx_adc.o(i.ADC_DiscModeChannelCountConfig), (24 bytes).
    Removing stm32f4xx_adc.o(i.ADC_DiscModeCmd), (22 bytes).
    Removing stm32f4xx_adc.o(i.ADC_EOCOnEachRegularChannelCmd), (22 bytes).
    Removing stm32f4xx_adc.o(i.ADC_ExternalTrigInjectedConvConfig), (16 bytes).
    Removing stm32f4xx_adc.o(i.ADC_ExternalTrigInjectedConvEdgeConfig), (16 bytes).
    Removing stm32f4xx_adc.o(i.ADC_GetFlagStatus), (18 bytes).
    Removing stm32f4xx_adc.o(i.ADC_GetITStatus), (38 bytes).
    Removing stm32f4xx_adc.o(i.ADC_GetInjectedConversionValue), (28 bytes).
    Removing stm32f4xx_adc.o(i.ADC_GetMultiModeConversionValue), (12 bytes).
    Removing stm32f4xx_adc.o(i.ADC_GetSoftwareStartConvStatus), (20 bytes).
    Removing stm32f4xx_adc.o(i.ADC_GetSoftwareStartInjectedConvCmdStatus), (20 bytes).
    Removing stm32f4xx_adc.o(i.ADC_ITConfig), (32 bytes).
    Removing stm32f4xx_adc.o(i.ADC_InjectedChannelConfig), (130 bytes).
    Removing stm32f4xx_adc.o(i.ADC_InjectedDiscModeCmd), (22 bytes).
    Removing stm32f4xx_adc.o(i.ADC_InjectedSequencerLengthConfig), (24 bytes).
    Removing stm32f4xx_adc.o(i.ADC_MultiModeDMARequestAfterLastTransferCmd), (44 bytes).
    Removing stm32f4xx_adc.o(i.ADC_SetInjectedOffset), (20 bytes).
    Removing stm32f4xx_adc.o(i.ADC_SoftwareStartInjectedConv), (10 bytes).
    Removing stm32f4xx_adc.o(i.ADC_StructInit), (20 bytes).
    Removing stm32f4xx_adc.o(i.ADC_TempSensorVrefintCmd), (44 bytes).
    Removing stm32f4xx_adc.o(i.ADC_VBATCmd), (44 bytes).
    Removing system_stm32f4xx.o(.rev16_text), (4 bytes).
    Removing system_stm32f4xx.o(.revsh_text), (4 bytes).
    Removing system_stm32f4xx.o(.rrx_text), (6 bytes).
    Removing system_stm32f4xx.o(i.SystemCoreClockUpdate), (192 bytes).
    Removing bsp.o(.rev16_text), (4 bytes).
    Removing bsp.o(.revsh_text), (4 bytes).
    Removing bsp.o(.rrx_text), (6 bytes).
    Removing timer.o(.rev16_text), (4 bytes).
    Removing timer.o(.revsh_text), (4 bytes).
    Removing timer.o(.rrx_text), (6 bytes).
    Removing adc.o(.rev16_text), (4 bytes).
    Removing adc.o(.revsh_text), (4 bytes).
    Removing adc.o(.rrx_text), (6 bytes).
    Removing oled.o(.rev16_text), (4 bytes).
    Removing oled.o(.revsh_text), (4 bytes).
    Removing oled.o(.rrx_text), (6 bytes).
    Removing usart.o(.rev16_text), (4 bytes).
    Removing usart.o(.revsh_text), (4 bytes).
    Removing usart.o(.rrx_text), (6 bytes).
    Removing usart.o(i.USART1_SendNByte), (28 bytes).
    Removing usart.o(i.USART1_SendString), (28 bytes).
    Removing usart.o(i.fgetc), (32 bytes).
    Removing usart.o(i.fputc), (16 bytes).
    Removing main.o(.rev16_text), (4 bytes).
    Removing main.o(.revsh_text), (4 bytes).
    Removing main.o(.rrx_text), (6 bytes).
    Removing global_variable.o(.rev16_text), (4 bytes).
    Removing global_variable.o(.revsh_text), (4 bytes).
    Removing global_variable.o(.rrx_text), (6 bytes).
    Removing stm32f4xx_it.o(.rev16_text), (4 bytes).
    Removing stm32f4xx_it.o(.revsh_text), (4 bytes).
    Removing stm32f4xx_it.o(.rrx_text), (6 bytes).

262 unused section(s) (total 7116 bytes) removed from the image.

==============================================================================

Image Symbol Table

    Local Symbols

    Symbol Name                              Value     Ov Type        Size  Object(Section)

    ../clib/microlib/init/entry.s            0x00000000   Number         0  entry8b.o ABSOLUTE
    ../clib/microlib/init/entry.s            0x00000000   Number         0  entry8a.o ABSOLUTE
    ../clib/microlib/init/entry.s            0x00000000   Number         0  entry7b.o ABSOLUTE
    ../clib/microlib/init/entry.s            0x00000000   Number         0  entry7a.o ABSOLUTE
    ../clib/microlib/init/entry.s            0x00000000   Number         0  entry2.o ABSOLUTE
    ../clib/microlib/init/entry.s            0x00000000   Number         0  entry.o ABSOLUTE
    ../clib/microlib/init/entry.s            0x00000000   Number         0  entry5.o ABSOLUTE
    ../clib/microlib/init/entry.s            0x00000000   Number         0  entry11b.o ABSOLUTE
    ../clib/microlib/init/entry.s            0x00000000   Number         0  entry11a.o ABSOLUTE
    ../clib/microlib/init/entry.s            0x00000000   Number         0  entry10b.o ABSOLUTE
    ../clib/microlib/init/entry.s            0x00000000   Number         0  entry10a.o ABSOLUTE
    ../clib/microlib/init/entry.s            0x00000000   Number         0  entry9b.o ABSOLUTE
    ../clib/microlib/init/entry.s            0x00000000   Number         0  entry9a.o ABSOLUTE
    App\\global_variable.c                   0x00000000   Number         0  global_variable.o ABSOLUTE
    App\\main.c                              0x00000000   Number         0  main.o ABSOLUTE
    App\\stm32f4xx_it.c                      0x00000000   Number         0  stm32f4xx_it.o ABSOLUTE
    App\global_variable.c                    0x00000000   Number         0  global_variable.o ABSOLUTE
    App\main.c                               0x00000000   Number         0  main.o ABSOLUTE
    App\stm32f4xx_it.c                       0x00000000   Number         0  stm32f4xx_it.o ABSOLUTE
    Bsp\\adc.c                               0x00000000   Number         0  adc.o ABSOLUTE
    Bsp\\bsp.c                               0x00000000   Number         0  bsp.o ABSOLUTE
    Bsp\\oled.c                              0x00000000   Number         0  oled.o ABSOLUTE
    Bsp\\timer.c                             0x00000000   Number         0  timer.o ABSOLUTE
    Bsp\\usart.c                             0x00000000   Number         0  usart.o ABSOLUTE
    Bsp\adc.c                                0x00000000   Number         0  adc.o ABSOLUTE
    Bsp\bsp.c                                0x00000000   Number         0  bsp.o ABSOLUTE
    Bsp\oled.c                               0x00000000   Number         0  oled.o ABSOLUTE
    Bsp\timer.c                              0x00000000   Number         0  timer.o ABSOLUTE
    Bsp\usart.c                              0x00000000   Number         0  usart.o ABSOLUTE
    Libraries\CMSIS\DeviceSupport\startup\startup_stm32f40_41xxx.s 0x00000000   Number         0  startup_stm32f40_41xxx.o ABSOLUTE
    Libraries\CMSIS\DeviceSupport\system_stm32f4xx.c 0x00000000   Number         0  system_stm32f4xx.o ABSOLUTE
    Libraries\STM32F4xx_StdPeriph_Driver\src\misc.c 0x00000000   Number         0  misc.o ABSOLUTE
    Libraries\STM32F4xx_StdPeriph_Driver\src\stm32f4xx_adc.c 0x00000000   Number         0  stm32f4xx_adc.o ABSOLUTE
    Libraries\STM32F4xx_StdPeriph_Driver\src\stm32f4xx_exti.c 0x00000000   Number         0  stm32f4xx_exti.o ABSOLUTE
    Libraries\STM32F4xx_StdPeriph_Driver\src\stm32f4xx_gpio.c 0x00000000   Number         0  stm32f4xx_gpio.o ABSOLUTE
    Libraries\STM32F4xx_StdPeriph_Driver\src\stm32f4xx_rcc.c 0x00000000   Number         0  stm32f4xx_rcc.o ABSOLUTE
    Libraries\STM32F4xx_StdPeriph_Driver\src\stm32f4xx_syscfg.c 0x00000000   Number         0  stm32f4xx_syscfg.o ABSOLUTE
    Libraries\STM32F4xx_StdPeriph_Driver\src\stm32f4xx_tim.c 0x00000000   Number         0  stm32f4xx_tim.o ABSOLUTE
    Libraries\STM32F4xx_StdPeriph_Driver\src\stm32f4xx_usart.c 0x00000000   Number         0  stm32f4xx_usart.o ABSOLUTE
    Libraries\\CMSIS\\DeviceSupport\\system_stm32f4xx.c 0x00000000   Number         0  system_stm32f4xx.o ABSOLUTE
    Libraries\\STM32F4xx_StdPeriph_Driver\\src\\misc.c 0x00000000   Number         0  misc.o ABSOLUTE
    Libraries\\STM32F4xx_StdPeriph_Driver\\src\\stm32f4xx_adc.c 0x00000000   Number         0  stm32f4xx_adc.o ABSOLUTE
    Libraries\\STM32F4xx_StdPeriph_Driver\\src\\stm32f4xx_exti.c 0x00000000   Number         0  stm32f4xx_exti.o ABSOLUTE
    Libraries\\STM32F4xx_StdPeriph_Driver\\src\\stm32f4xx_gpio.c 0x00000000   Number         0  stm32f4xx_gpio.o ABSOLUTE
    Libraries\\STM32F4xx_StdPeriph_Driver\\src\\stm32f4xx_rcc.c 0x00000000   Number         0  stm32f4xx_rcc.o ABSOLUTE
    Libraries\\STM32F4xx_StdPeriph_Driver\\src\\stm32f4xx_syscfg.c 0x00000000   Number         0  stm32f4xx_syscfg.o ABSOLUTE
    Libraries\\STM32F4xx_StdPeriph_Driver\\src\\stm32f4xx_tim.c 0x00000000   Number         0  stm32f4xx_tim.o ABSOLUTE
    Libraries\\STM32F4xx_StdPeriph_Driver\\src\\stm32f4xx_usart.c 0x00000000   Number         0  stm32f4xx_usart.o ABSOLUTE
    dc.s                                     0x00000000   Number         0  dc.o ABSOLUTE
    handlers.s                               0x00000000   Number         0  handlers.o ABSOLUTE
    init.s                                   0x00000000   Number         0  init.o ABSOLUTE
    RESET                                    0x08000000   Section      392  startup_stm32f40_41xxx.o(RESET)
    .ARM.Collect$$$$00000000                 0x08000188   Section        0  entry.o(.ARM.Collect$$$$00000000)
    .ARM.Collect$$$$00000001                 0x08000188   Section        4  entry2.o(.ARM.Collect$$$$00000001)
    .ARM.Collect$$$$00000004                 0x0800018c   Section        4  entry5.o(.ARM.Collect$$$$00000004)
    .ARM.Collect$$$$00000008                 0x08000190   Section        0  entry7b.o(.ARM.Collect$$$$00000008)
    .ARM.Collect$$$$0000000A                 0x08000190   Section        0  entry8b.o(.ARM.Collect$$$$0000000A)
    .ARM.Collect$$$$0000000B                 0x08000190   Section        8  entry9a.o(.ARM.Collect$$$$0000000B)
    .ARM.Collect$$$$0000000D                 0x08000198   Section        0  entry10a.o(.ARM.Collect$$$$0000000D)
    .ARM.Collect$$$$0000000F                 0x08000198   Section        0  entry11a.o(.ARM.Collect$$$$0000000F)
    .ARM.Collect$$$$00002712                 0x08000198   Section        4  entry2.o(.ARM.Collect$$$$00002712)
    __lit__00000000                          0x08000198   Data           4  entry2.o(.ARM.Collect$$$$00002712)
    .text                                    0x0800019c   Section       36  startup_stm32f40_41xxx.o(.text)
    $v0                                      0x0800019c   Number         0  startup_stm32f40_41xxx.o(.text)
    .text                                    0x080001c0   Section       36  init.o(.text)
    i.ADC_Cmd                                0x080001e4   Section        0  stm32f4xx_adc.o(i.ADC_Cmd)
    i.ADC_CommonInit                         0x080001fc   Section        0  stm32f4xx_adc.o(i.ADC_CommonInit)
    i.ADC_GetConversionValue                 0x0800022c   Section        0  stm32f4xx_adc.o(i.ADC_GetConversionValue)
    i.ADC_Init                               0x08000234   Section        0  stm32f4xx_adc.o(i.ADC_Init)
    i.ADC_Initializes                        0x08000288   Section        0  adc.o(i.ADC_Initializes)
    i.ADC_RegularChannelConfig               0x080002e4   Section        0  stm32f4xx_adc.o(i.ADC_RegularChannelConfig)
    i.ADC_SoftwareStartConv                  0x0800039c   Section        0  stm32f4xx_adc.o(i.ADC_SoftwareStartConv)
    i.BSP_Initializes                        0x080003a6   Section        0  bsp.o(i.BSP_Initializes)
    i.BusFault_Handler                       0x080003c2   Section        0  stm32f4xx_it.o(i.BusFault_Handler)
    i.DebugMon_Handler                       0x080003c6   Section        0  stm32f4xx_it.o(i.DebugMon_Handler)
    i.EXTI0_IRQHandler                       0x080003c8   Section        0  stm32f4xx_it.o(i.EXTI0_IRQHandler)
    i.EXTI1_IRQHandler                       0x080003e8   Section        0  stm32f4xx_it.o(i.EXTI1_IRQHandler)
    i.EXTI_ClearITPendingBit                 0x08000418   Section        0  stm32f4xx_exti.o(i.EXTI_ClearITPendingBit)
    i.EXTI_GetITStatus                       0x08000424   Section        0  stm32f4xx_exti.o(i.EXTI_GetITStatus)
    i.EXTI_Init                              0x0800043c   Section        0  stm32f4xx_exti.o(i.EXTI_Init)
    i.GPIO_Basic_Configuration               0x080004d0   Section        0  bsp.o(i.GPIO_Basic_Configuration)
    i.GPIO_EXTILineConfig                    0x080005b8   Section        0  bsp.o(i.GPIO_EXTILineConfig)
    i.GPIO_Init                              0x080005e2   Section        0  stm32f4xx_gpio.o(i.GPIO_Init)
    i.GPIO_PinAFConfig                       0x08000672   Section        0  stm32f4xx_gpio.o(i.GPIO_PinAFConfig)
    i.GPIO_ToggleBits                        0x080006b8   Section        0  stm32f4xx_gpio.o(i.GPIO_ToggleBits)
    i.Get_Data                               0x080006c0   Section        0  main.o(i.Get_Data)
    i.HardFault_Handler                      0x080006f4   Section        0  stm32f4xx_it.o(i.HardFault_Handler)
    i.MemManage_Handler                      0x080006f8   Section        0  stm32f4xx_it.o(i.MemManage_Handler)
    i.NMI_Handler                            0x080006fc   Section        0  stm32f4xx_it.o(i.NMI_Handler)
    i.NVIC_Configuration                     0x080006fe   Section        0  bsp.o(i.NVIC_Configuration)
    i.NVIC_Init                              0x08000764   Section        0  misc.o(i.NVIC_Init)
    i.NVIC_PriorityGroupConfig               0x080007dc   Section        0  misc.o(i.NVIC_PriorityGroupConfig)
    i.OLED_Clear                             0x080007f0   Section        0  oled.o(i.OLED_Clear)
    i.OLED_Data_Out                          0x08000820   Section        0  oled.o(i.OLED_Data_Out)
    i.OLED_DrawPoint                         0x0800082c   Section        0  oled.o(i.OLED_DrawPoint)
    i.OLED_Init                              0x08000894   Section        0  oled.o(i.OLED_Init)
    i.OLED_Refresh_Gram                      0x0800099c   Section        0  oled.o(i.OLED_Refresh_Gram)
    i.OLED_ShowChar                          0x080009e8   Section        0  oled.o(i.OLED_ShowChar)
    i.OLED_ShowNum                           0x08000af4   Section        0  oled.o(i.OLED_ShowNum)
    i.OLED_ShowString                        0x08000b88   Section        0  oled.o(i.OLED_ShowString)
    i.OLED_WR_Byte                           0x08000be8   Section        0  oled.o(i.OLED_WR_Byte)
    i.PendSV_Handler                         0x08000c24   Section        0  stm32f4xx_it.o(i.PendSV_Handler)
    i.RCC_AHB1PeriphClockCmd                 0x08000c28   Section        0  stm32f4xx_rcc.o(i.RCC_AHB1PeriphClockCmd)
    i.RCC_APB1PeriphClockCmd                 0x08000c48   Section        0  stm32f4xx_rcc.o(i.RCC_APB1PeriphClockCmd)
    i.RCC_APB2PeriphClockCmd                 0x08000c68   Section        0  stm32f4xx_rcc.o(i.RCC_APB2PeriphClockCmd)
    i.RCC_Configuration                      0x08000c88   Section        0  bsp.o(i.RCC_Configuration)
    i.RCC_GetClocksFreq                      0x08000cbc   Section        0  stm32f4xx_rcc.o(i.RCC_GetClocksFreq)
    i.SVC_Handler                            0x08000da4   Section        0  stm32f4xx_it.o(i.SVC_Handler)
    i.SYSCFG_EXTILineConfig                  0x08000da8   Section        0  stm32f4xx_syscfg.o(i.SYSCFG_EXTILineConfig)
    i.SetSysClock                            0x08000de8   Section        0  system_stm32f4xx.o(i.SetSysClock)
    SetSysClock                              0x08000de9   Thumb Code   220  system_stm32f4xx.o(i.SetSysClock)
    i.SysTick_Handler                        0x08000ed4   Section        0  stm32f4xx_it.o(i.SysTick_Handler)
    i.SystemInit                             0x08000ed8   Section        0  system_stm32f4xx.o(i.SystemInit)
    i.System_Initializes                     0x08000f40   Section        0  main.o(i.System_Initializes)
    i.TI1_Config                             0x08000f58   Section        0  stm32f4xx_tim.o(i.TI1_Config)
    TI1_Config                               0x08000f59   Thumb Code    58  stm32f4xx_tim.o(i.TI1_Config)
    i.TI2_Config                             0x08000f92   Section        0  stm32f4xx_tim.o(i.TI2_Config)
    TI2_Config                               0x08000f93   Thumb Code    80  stm32f4xx_tim.o(i.TI2_Config)
    i.TI3_Config                             0x08000fe2   Section        0  stm32f4xx_tim.o(i.TI3_Config)
    TI3_Config                               0x08000fe3   Thumb Code    72  stm32f4xx_tim.o(i.TI3_Config)
    i.TI4_Config                             0x0800102a   Section        0  stm32f4xx_tim.o(i.TI4_Config)
    TI4_Config                               0x0800102b   Thumb Code    80  stm32f4xx_tim.o(i.TI4_Config)
    i.TIM2_CH2_PWM                           0x0800107c   Section        0  timer.o(i.TIM2_CH2_PWM)
    i.TIM3_IRQHandler                        0x080010f4   Section        0  stm32f4xx_it.o(i.TIM3_IRQHandler)
    i.TIM5_IRQHandler                        0x08001234   Section        0  stm32f4xx_it.o(i.TIM5_IRQHandler)
    i.TIMDelay_Nms                           0x080012f0   Section        0  timer.o(i.TIMDelay_Nms)
    i.TIMDelay_Nus                           0x0800130c   Section        0  timer.o(i.TIMDelay_Nus)
    i.TIMER1_Initializes                     0x08001348   Section        0  timer.o(i.TIMER1_Initializes)
    i.TIMER5_IC_Configuration                0x0800136c   Section        0  timer.o(i.TIMER5_IC_Configuration)
    i.TIMER_IC_Configuration                 0x080013cc   Section        0  timer.o(i.TIMER_IC_Configuration)
    i.TIMER_IC_GPIO_Configuration            0x08001448   Section        0  timer.o(i.TIMER_IC_GPIO_Configuration)
    i.TIMER_IC_Initializes                   0x080014a4   Section        0  timer.o(i.TIMER_IC_Initializes)
    i.TIMER_Initializes                      0x080014b4   Section        0  timer.o(i.TIMER_Initializes)
    i.TIMER_PWM_GPIO_Configuration           0x080014fc   Section        0  timer.o(i.TIMER_PWM_GPIO_Configuration)
    i.TIM_ClearFlag                          0x08001530   Section        0  stm32f4xx_tim.o(i.TIM_ClearFlag)
    i.TIM_ClearITPendingBit                  0x08001536   Section        0  stm32f4xx_tim.o(i.TIM_ClearITPendingBit)
    i.TIM_Cmd                                0x0800153c   Section        0  stm32f4xx_tim.o(i.TIM_Cmd)
    i.TIM_GetFlagStatus                      0x08001554   Section        0  stm32f4xx_tim.o(i.TIM_GetFlagStatus)
    i.TIM_GetITStatus                        0x08001566   Section        0  stm32f4xx_tim.o(i.TIM_GetITStatus)
    i.TIM_ICInit                             0x08001588   Section        0  stm32f4xx_tim.o(i.TIM_ICInit)
    i.TIM_ITConfig                           0x080015f6   Section        0  stm32f4xx_tim.o(i.TIM_ITConfig)
    i.TIM_OC2Init                            0x08001608   Section        0  stm32f4xx_tim.o(i.TIM_OC2Init)
    i.TIM_SetIC1Prescaler                    0x080016ac   Section        0  stm32f4xx_tim.o(i.TIM_SetIC1Prescaler)
    i.TIM_SetIC2Prescaler                    0x080016be   Section        0  stm32f4xx_tim.o(i.TIM_SetIC2Prescaler)
    i.TIM_SetIC3Prescaler                    0x080016d8   Section        0  stm32f4xx_tim.o(i.TIM_SetIC3Prescaler)
    i.TIM_SetIC4Prescaler                    0x080016ea   Section        0  stm32f4xx_tim.o(i.TIM_SetIC4Prescaler)
    i.TIM_TimeBaseInit                       0x08001704   Section        0  stm32f4xx_tim.o(i.TIM_TimeBaseInit)
    i.USART1_IRQHandler                      0x08001788   Section        0  stm32f4xx_it.o(i.USART1_IRQHandler)
    i.USART1_SendByte                        0x080017a8   Section        0  usart.o(i.USART1_SendByte)
    i.USART_Cmd                              0x080017c8   Section        0  stm32f4xx_usart.o(i.USART_Cmd)
    i.USART_Configuration                    0x080017e0   Section        0  usart.o(i.USART_Configuration)
    i.USART_GPIO_Configuration               0x08001824   Section        0  usart.o(i.USART_GPIO_Configuration)
    i.USART_GetFlagStatus                    0x0800186c   Section        0  stm32f4xx_usart.o(i.USART_GetFlagStatus)
    i.USART_ITConfig                         0x08001886   Section        0  stm32f4xx_usart.o(i.USART_ITConfig)
    i.USART_Init                             0x080018d0   Section        0  stm32f4xx_usart.o(i.USART_Init)
    i.USART_Initializes                      0x080019a4   Section        0  usart.o(i.USART_Initializes)
    i.USART_SendData                         0x080019b0   Section        0  stm32f4xx_usart.o(i.USART_SendData)
    i.UsageFault_Handler                     0x080019b8   Section        0  stm32f4xx_it.o(i.UsageFault_Handler)
    i.__scatterload_copy                     0x080019bc   Section       14  handlers.o(i.__scatterload_copy)
    i.__scatterload_null                     0x080019ca   Section        2  handlers.o(i.__scatterload_null)
    i.__scatterload_zeroinit                 0x080019cc   Section       14  handlers.o(i.__scatterload_zeroinit)
    i.main                                   0x080019dc   Section        0  main.o(i.main)
    i.mypow                                  0x08001b0c   Section        0  oled.o(i.mypow)
    i.proc_data                              0x08001b24   Section        0  main.o(i.proc_data)
    .constdata                               0x08001bc8   Section     6080  oled.o(.constdata)
    .data                                    0x20000000   Section       16  stm32f4xx_rcc.o(.data)
    APBAHBPrescTable                         0x20000000   Data          16  stm32f4xx_rcc.o(.data)
    .data                                    0x20000010   Section       20  system_stm32f4xx.o(.data)
    .data                                    0x20000024   Section       16  global_variable.o(.data)
    .data                                    0x20000034   Section       40  stm32f4xx_it.o(.data)
    capture_value0                           0x20000034   Data           4  stm32f4xx_it.o(.data)
    capture_value2                           0x20000038   Data           4  stm32f4xx_it.o(.data)
    capture_value1                           0x2000003c   Data           4  stm32f4xx_it.o(.data)
    flag_capture                             0x20000040   Data           2  stm32f4xx_it.o(.data)
    difference_value_period                  0x20000044   Data           4  stm32f4xx_it.o(.data)
    difference_value_dutycycle               0x20000048   Data           4  stm32f4xx_it.o(.data)
    capture_value0                           0x2000004c   Data           4  stm32f4xx_it.o(.data)
    capture_value2                           0x20000050   Data           4  stm32f4xx_it.o(.data)
    flag_capture                             0x20000054   Data           2  stm32f4xx_it.o(.data)
    difference_value_period                  0x20000058   Data           4  stm32f4xx_it.o(.data)
    .bss                                     0x2000005c   Section     1024  oled.o(.bss)
    .bss                                     0x2000045c   Section      100  global_variable.o(.bss)
    STACK                                    0x200004c0   Section     1024  startup_stm32f40_41xxx.o(STACK)

    Global Symbols

    Symbol Name                              Value     Ov Type        Size  Object(Section)

    BuildAttributes$$THM_ISAv4$E$P$D$K$B$S$7EM$VFPi3$EXTD16$VFPS$VFMA$PE$A:L22UL41UL21$X:L11$S22US41US21$IEEE1$IW$USESV6$~STKCKD$USESV7$~SHL$OSPACE$EBA8$MICROLIB$REQ8$PRES8$EABIv2 0x00000000   Number         0  anon$$obj.o ABSOLUTE
    __ARM_use_no_argv                        0x00000000   Number         0  main.o ABSOLUTE
    __cpp_initialize__aeabi_                  - Undefined Weak Reference
    __cxa_finalize                            - Undefined Weak Reference
    __decompress                              - Undefined Weak Reference
    _clock_init                               - Undefined Weak Reference
    _microlib_exit                            - Undefined Weak Reference
    __Vectors_Size                           0x00000188   Number         0  startup_stm32f40_41xxx.o ABSOLUTE
    __Vectors                                0x08000000   Data           4  startup_stm32f40_41xxx.o(RESET)
    __Vectors_End                            0x08000188   Data           0  startup_stm32f40_41xxx.o(RESET)
    __main                                   0x08000189   Thumb Code     0  entry.o(.ARM.Collect$$$$00000000)
    _main_stk                                0x08000189   Thumb Code     0  entry2.o(.ARM.Collect$$$$00000001)
    _main_scatterload                        0x0800018d   Thumb Code     0  entry5.o(.ARM.Collect$$$$00000004)
    __main_after_scatterload                 0x08000191   Thumb Code     0  entry5.o(.ARM.Collect$$$$00000004)
    _main_clock                              0x08000191   Thumb Code     0  entry7b.o(.ARM.Collect$$$$00000008)
    _main_cpp_init                           0x08000191   Thumb Code     0  entry8b.o(.ARM.Collect$$$$0000000A)
    _main_init                               0x08000191   Thumb Code     0  entry9a.o(.ARM.Collect$$$$0000000B)
    __rt_final_cpp                           0x08000199   Thumb Code     0  entry10a.o(.ARM.Collect$$$$0000000D)
    __rt_final_exit                          0x08000199   Thumb Code     0  entry11a.o(.ARM.Collect$$$$0000000F)
    Reset_Handler                            0x0800019d   Thumb Code     8  startup_stm32f40_41xxx.o(.text)
    ADC_IRQHandler                           0x080001b7   Thumb Code     0  startup_stm32f40_41xxx.o(.text)
    CAN1_RX0_IRQHandler                      0x080001b7   Thumb Code     0  startup_stm32f40_41xxx.o(.text)
    CAN1_RX1_IRQHandler                      0x080001b7   Thumb Code     0  startup_stm32f40_41xxx.o(.text)
    CAN1_SCE_IRQHandler                      0x080001b7   Thumb Code     0  startup_stm32f40_41xxx.o(.text)
    CAN1_TX_IRQHandler                       0x080001b7   Thumb Code     0  startup_stm32f40_41xxx.o(.text)
    CAN2_RX0_IRQHandler                      0x080001b7   Thumb Code     0  startup_stm32f40_41xxx.o(.text)
    CAN2_RX1_IRQHandler                      0x080001b7   Thumb Code     0  startup_stm32f40_41xxx.o(.text)
    CAN2_SCE_IRQHandler                      0x080001b7   Thumb Code     0  startup_stm32f40_41xxx.o(.text)
    CAN2_TX_IRQHandler                       0x080001b7   Thumb Code     0  startup_stm32f40_41xxx.o(.text)
    CRYP_IRQHandler                          0x080001b7   Thumb Code     0  startup_stm32f40_41xxx.o(.text)
    DCMI_IRQHandler                          0x080001b7   Thumb Code     0  startup_stm32f40_41xxx.o(.text)
    DMA1_Stream0_IRQHandler                  0x080001b7   Thumb Code     0  startup_stm32f40_41xxx.o(.text)
    DMA1_Stream1_IRQHandler                  0x080001b7   Thumb Code     0  startup_stm32f40_41xxx.o(.text)
    DMA1_Stream2_IRQHandler                  0x080001b7   Thumb Code     0  startup_stm32f40_41xxx.o(.text)
    DMA1_Stream3_IRQHandler                  0x080001b7   Thumb Code     0  startup_stm32f40_41xxx.o(.text)
    DMA1_Stream4_IRQHandler                  0x080001b7   Thumb Code     0  startup_stm32f40_41xxx.o(.text)
    DMA1_Stream5_IRQHandler                  0x080001b7   Thumb Code     0  startup_stm32f40_41xxx.o(.text)
    DMA1_Stream6_IRQHandler                  0x080001b7   Thumb Code     0  startup_stm32f40_41xxx.o(.text)
    DMA1_Stream7_IRQHandler                  0x080001b7   Thumb Code     0  startup_stm32f40_41xxx.o(.text)
    DMA2_Stream0_IRQHandler                  0x080001b7   Thumb Code     0  startup_stm32f40_41xxx.o(.text)
    DMA2_Stream1_IRQHandler                  0x080001b7   Thumb Code     0  startup_stm32f40_41xxx.o(.text)
    DMA2_Stream2_IRQHandler                  0x080001b7   Thumb Code     0  startup_stm32f40_41xxx.o(.text)
    DMA2_Stream3_IRQHandler                  0x080001b7   Thumb Code     0  startup_stm32f40_41xxx.o(.text)
    DMA2_Stream4_IRQHandler                  0x080001b7   Thumb Code     0  startup_stm32f40_41xxx.o(.text)
    DMA2_Stream5_IRQHandler                  0x080001b7   Thumb Code     0  startup_stm32f40_41xxx.o(.text)
    DMA2_Stream6_IRQHandler                  0x080001b7   Thumb Code     0  startup_stm32f40_41xxx.o(.text)
    DMA2_Stream7_IRQHandler                  0x080001b7   Thumb Code     0  startup_stm32f40_41xxx.o(.text)
    ETH_IRQHandler                           0x080001b7   Thumb Code     0  startup_stm32f40_41xxx.o(.text)
    ETH_WKUP_IRQHandler                      0x080001b7   Thumb Code     0  startup_stm32f40_41xxx.o(.text)
    EXTI15_10_IRQHandler                     0x080001b7   Thumb Code     0  startup_stm32f40_41xxx.o(.text)
    EXTI2_IRQHandler                         0x080001b7   Thumb Code     0  startup_stm32f40_41xxx.o(.text)
    EXTI3_IRQHandler                         0x080001b7   Thumb Code     0  startup_stm32f40_41xxx.o(.text)
    EXTI4_IRQHandler                         0x080001b7   Thumb Code     0  startup_stm32f40_41xxx.o(.text)
    EXTI9_5_IRQHandler                       0x080001b7   Thumb Code     0  startup_stm32f40_41xxx.o(.text)
    FLASH_IRQHandler                         0x080001b7   Thumb Code     0  startup_stm32f40_41xxx.o(.text)
    FPU_IRQHandler                           0x080001b7   Thumb Code     0  startup_stm32f40_41xxx.o(.text)
    FSMC_IRQHandler                          0x080001b7   Thumb Code     0  startup_stm32f40_41xxx.o(.text)
    HASH_RNG_IRQHandler                      0x080001b7   Thumb Code     0  startup_stm32f40_41xxx.o(.text)
    I2C1_ER_IRQHandler                       0x080001b7   Thumb Code     0  startup_stm32f40_41xxx.o(.text)
    I2C1_EV_IRQHandler                       0x080001b7   Thumb Code     0  startup_stm32f40_41xxx.o(.text)
    I2C2_ER_IRQHandler                       0x080001b7   Thumb Code     0  startup_stm32f40_41xxx.o(.text)
    I2C2_EV_IRQHandler                       0x080001b7   Thumb Code     0  startup_stm32f40_41xxx.o(.text)
    I2C3_ER_IRQHandler                       0x080001b7   Thumb Code     0  startup_stm32f40_41xxx.o(.text)
    I2C3_EV_IRQHandler                       0x080001b7   Thumb Code     0  startup_stm32f40_41xxx.o(.text)
    OTG_FS_IRQHandler                        0x080001b7   Thumb Code     0  startup_stm32f40_41xxx.o(.text)
    OTG_FS_WKUP_IRQHandler                   0x080001b7   Thumb Code     0  startup_stm32f40_41xxx.o(.text)
    OTG_HS_EP1_IN_IRQHandler                 0x080001b7   Thumb Code     0  startup_stm32f40_41xxx.o(.text)
    OTG_HS_EP1_OUT_IRQHandler                0x080001b7   Thumb Code     0  startup_stm32f40_41xxx.o(.text)
    OTG_HS_IRQHandler                        0x080001b7   Thumb Code     0  startup_stm32f40_41xxx.o(.text)
    OTG_HS_WKUP_IRQHandler                   0x080001b7   Thumb Code     0  startup_stm32f40_41xxx.o(.text)
    PVD_IRQHandler                           0x080001b7   Thumb Code     0  startup_stm32f40_41xxx.o(.text)
    RCC_IRQHandler                           0x080001b7   Thumb Code     0  startup_stm32f40_41xxx.o(.text)
    RTC_Alarm_IRQHandler                     0x080001b7   Thumb Code     0  startup_stm32f40_41xxx.o(.text)
    RTC_WKUP_IRQHandler                      0x080001b7   Thumb Code     0  startup_stm32f40_41xxx.o(.text)
    SDIO_IRQHandler                          0x080001b7   Thumb Code     0  startup_stm32f40_41xxx.o(.text)
    SPI1_IRQHandler                          0x080001b7   Thumb Code     0  startup_stm32f40_41xxx.o(.text)
    SPI2_IRQHandler                          0x080001b7   Thumb Code     0  startup_stm32f40_41xxx.o(.text)
    SPI3_IRQHandler                          0x080001b7   Thumb Code     0  startup_stm32f40_41xxx.o(.text)
    TAMP_STAMP_IRQHandler                    0x080001b7   Thumb Code     0  startup_stm32f40_41xxx.o(.text)
    TIM1_BRK_TIM9_IRQHandler                 0x080001b7   Thumb Code     0  startup_stm32f40_41xxx.o(.text)
    TIM1_CC_IRQHandler                       0x080001b7   Thumb Code     0  startup_stm32f40_41xxx.o(.text)
    TIM1_TRG_COM_TIM11_IRQHandler            0x080001b7   Thumb Code     0  startup_stm32f40_41xxx.o(.text)
    TIM1_UP_TIM10_IRQHandler                 0x080001b7   Thumb Code     0  startup_stm32f40_41xxx.o(.text)
    TIM2_IRQHandler                          0x080001b7   Thumb Code     0  startup_stm32f40_41xxx.o(.text)
    TIM4_IRQHandler                          0x080001b7   Thumb Code     0  startup_stm32f40_41xxx.o(.text)
    TIM6_DAC_IRQHandler                      0x080001b7   Thumb Code     0  startup_stm32f40_41xxx.o(.text)
    TIM7_IRQHandler                          0x080001b7   Thumb Code     0  startup_stm32f40_41xxx.o(.text)
    TIM8_BRK_TIM12_IRQHandler                0x080001b7   Thumb Code     0  startup_stm32f40_41xxx.o(.text)
    TIM8_CC_IRQHandler                       0x080001b7   Thumb Code     0  startup_stm32f40_41xxx.o(.text)
    TIM8_TRG_COM_TIM14_IRQHandler            0x080001b7   Thumb Code     0  startup_stm32f40_41xxx.o(.text)
    TIM8_UP_TIM13_IRQHandler                 0x080001b7   Thumb Code     0  startup_stm32f40_41xxx.o(.text)
    UART4_IRQHandler                         0x080001b7   Thumb Code     0  startup_stm32f40_41xxx.o(.text)
    UART5_IRQHandler                         0x080001b7   Thumb Code     0  startup_stm32f40_41xxx.o(.text)
    USART2_IRQHandler                        0x080001b7   Thumb Code     0  startup_stm32f40_41xxx.o(.text)
    USART3_IRQHandler                        0x080001b7   Thumb Code     0  startup_stm32f40_41xxx.o(.text)
    USART6_IRQHandler                        0x080001b7   Thumb Code     0  startup_stm32f40_41xxx.o(.text)
    WWDG_IRQHandler                          0x080001b7   Thumb Code     0  startup_stm32f40_41xxx.o(.text)
    __scatterload                            0x080001c1   Thumb Code    28  init.o(.text)
    __scatterload_rt2                        0x080001c1   Thumb Code     0  init.o(.text)
    ADC_Cmd                                  0x080001e5   Thumb Code    22  stm32f4xx_adc.o(i.ADC_Cmd)
    ADC_CommonInit                           0x080001fd   Thumb Code    34  stm32f4xx_adc.o(i.ADC_CommonInit)
    ADC_GetConversionValue                   0x0800022d   Thumb Code     8  stm32f4xx_adc.o(i.ADC_GetConversionValue)
    ADC_Init                                 0x08000235   Thumb Code    74  stm32f4xx_adc.o(i.ADC_Init)
    ADC_Initializes                          0x08000289   Thumb Code    86  adc.o(i.ADC_Initializes)
    ADC_RegularChannelConfig                 0x080002e5   Thumb Code   184  stm32f4xx_adc.o(i.ADC_RegularChannelConfig)
    ADC_SoftwareStartConv                    0x0800039d   Thumb Code    10  stm32f4xx_adc.o(i.ADC_SoftwareStartConv)
    BSP_Initializes                          0x080003a7   Thumb Code    28  bsp.o(i.BSP_Initializes)
    BusFault_Handler                         0x080003c3   Thumb Code     4  stm32f4xx_it.o(i.BusFault_Handler)
    DebugMon_Handler                         0x080003c7   Thumb Code     2  stm32f4xx_it.o(i.DebugMon_Handler)
    EXTI0_IRQHandler                         0x080003c9   Thumb Code    26  stm32f4xx_it.o(i.EXTI0_IRQHandler)
    EXTI1_IRQHandler                         0x080003e9   Thumb Code    40  stm32f4xx_it.o(i.EXTI1_IRQHandler)
    EXTI_ClearITPendingBit                   0x08000419   Thumb Code     6  stm32f4xx_exti.o(i.EXTI_ClearITPendingBit)
    EXTI_GetITStatus                         0x08000425   Thumb Code    20  stm32f4xx_exti.o(i.EXTI_GetITStatus)
    EXTI_Init                                0x0800043d   Thumb Code   142  stm32f4xx_exti.o(i.EXTI_Init)
    GPIO_Basic_Configuration                 0x080004d1   Thumb Code   210  bsp.o(i.GPIO_Basic_Configuration)
    GPIO_EXTILineConfig                      0x080005b9   Thumb Code    42  bsp.o(i.GPIO_EXTILineConfig)
    GPIO_Init                                0x080005e3   Thumb Code   144  stm32f4xx_gpio.o(i.GPIO_Init)
    GPIO_PinAFConfig                         0x08000673   Thumb Code    70  stm32f4xx_gpio.o(i.GPIO_PinAFConfig)
    GPIO_ToggleBits                          0x080006b9   Thumb Code     8  stm32f4xx_gpio.o(i.GPIO_ToggleBits)
    Get_Data                                 0x080006c1   Thumb Code    44  main.o(i.Get_Data)
    HardFault_Handler                        0x080006f5   Thumb Code     4  stm32f4xx_it.o(i.HardFault_Handler)
    MemManage_Handler                        0x080006f9   Thumb Code     4  stm32f4xx_it.o(i.MemManage_Handler)
    NMI_Handler                              0x080006fd   Thumb Code     2  stm32f4xx_it.o(i.NMI_Handler)
    NVIC_Configuration                       0x080006ff   Thumb Code   100  bsp.o(i.NVIC_Configuration)
    NVIC_Init                                0x08000765   Thumb Code   106  misc.o(i.NVIC_Init)
    NVIC_PriorityGroupConfig                 0x080007dd   Thumb Code    10  misc.o(i.NVIC_PriorityGroupConfig)
    OLED_Clear                               0x080007f1   Thumb Code    42  oled.o(i.OLED_Clear)
    OLED_Data_Out                            0x08000821   Thumb Code     8  oled.o(i.OLED_Data_Out)
    OLED_DrawPoint                           0x0800082d   Thumb Code   100  oled.o(i.OLED_DrawPoint)
    OLED_Init                                0x08000895   Thumb Code   250  oled.o(i.OLED_Init)
    OLED_Refresh_Gram                        0x0800099d   Thumb Code    70  oled.o(i.OLED_Refresh_Gram)
    OLED_ShowChar                            0x080009e9   Thumb Code   254  oled.o(i.OLED_ShowChar)
    OLED_ShowNum                             0x08000af5   Thumb Code   148  oled.o(i.OLED_ShowNum)
    OLED_ShowString                          0x08000b89   Thumb Code    94  oled.o(i.OLED_ShowString)
    OLED_WR_Byte                             0x08000be9   Thumb Code    46  oled.o(i.OLED_WR_Byte)
    PendSV_Handler                           0x08000c25   Thumb Code     2  stm32f4xx_it.o(i.PendSV_Handler)
    RCC_AHB1PeriphClockCmd                   0x08000c29   Thumb Code    26  stm32f4xx_rcc.o(i.RCC_AHB1PeriphClockCmd)
    RCC_APB1PeriphClockCmd                   0x08000c49   Thumb Code    26  stm32f4xx_rcc.o(i.RCC_APB1PeriphClockCmd)
    RCC_APB2PeriphClockCmd                   0x08000c69   Thumb Code    26  stm32f4xx_rcc.o(i.RCC_APB2PeriphClockCmd)
    RCC_Configuration                        0x08000c89   Thumb Code    52  bsp.o(i.RCC_Configuration)
    RCC_GetClocksFreq                        0x08000cbd   Thumb Code   214  stm32f4xx_rcc.o(i.RCC_GetClocksFreq)
    SVC_Handler                              0x08000da5   Thumb Code     2  stm32f4xx_it.o(i.SVC_Handler)
    SYSCFG_EXTILineConfig                    0x08000da9   Thumb Code    60  stm32f4xx_syscfg.o(i.SYSCFG_EXTILineConfig)
    SysTick_Handler                          0x08000ed5   Thumb Code     2  stm32f4xx_it.o(i.SysTick_Handler)
    SystemInit                               0x08000ed9   Thumb Code    88  system_stm32f4xx.o(i.SystemInit)
    System_Initializes                       0x08000f41   Thumb Code    24  main.o(i.System_Initializes)
    TIM2_CH2_PWM                             0x0800107d   Thumb Code   110  timer.o(i.TIM2_CH2_PWM)
    TIM3_IRQHandler                          0x080010f5   Thumb Code   280  stm32f4xx_it.o(i.TIM3_IRQHandler)
    TIM5_IRQHandler                          0x08001235   Thumb Code   158  stm32f4xx_it.o(i.TIM5_IRQHandler)
    TIMDelay_Nms                             0x080012f1   Thumb Code    26  timer.o(i.TIMDelay_Nms)
    TIMDelay_Nus                             0x0800130d   Thumb Code    56  timer.o(i.TIMDelay_Nus)
    TIMER1_Initializes                       0x08001349   Thumb Code    32  timer.o(i.TIMER1_Initializes)
    TIMER5_IC_Configuration                  0x0800136d   Thumb Code    90  timer.o(i.TIMER5_IC_Configuration)
    TIMER_IC_Configuration                   0x080013cd   Thumb Code   120  timer.o(i.TIMER_IC_Configuration)
    TIMER_IC_GPIO_Configuration              0x08001449   Thumb Code    82  timer.o(i.TIMER_IC_GPIO_Configuration)
    TIMER_IC_Initializes                     0x080014a5   Thumb Code    16  timer.o(i.TIMER_IC_Initializes)
    TIMER_Initializes                        0x080014b5   Thumb Code    60  timer.o(i.TIMER_Initializes)
    TIMER_PWM_GPIO_Configuration             0x080014fd   Thumb Code    48  timer.o(i.TIMER_PWM_GPIO_Configuration)
    TIM_ClearFlag                            0x08001531   Thumb Code     6  stm32f4xx_tim.o(i.TIM_ClearFlag)
    TIM_ClearITPendingBit                    0x08001537   Thumb Code     6  stm32f4xx_tim.o(i.TIM_ClearITPendingBit)
    TIM_Cmd                                  0x0800153d   Thumb Code    24  stm32f4xx_tim.o(i.TIM_Cmd)
    TIM_GetFlagStatus                        0x08001555   Thumb Code    18  stm32f4xx_tim.o(i.TIM_GetFlagStatus)
    TIM_GetITStatus                          0x08001567   Thumb Code    34  stm32f4xx_tim.o(i.TIM_GetITStatus)
    TIM_ICInit                               0x08001589   Thumb Code   110  stm32f4xx_tim.o(i.TIM_ICInit)
    TIM_ITConfig                             0x080015f7   Thumb Code    18  stm32f4xx_tim.o(i.TIM_ITConfig)
    TIM_OC2Init                              0x08001609   Thumb Code   154  stm32f4xx_tim.o(i.TIM_OC2Init)
    TIM_SetIC1Prescaler                      0x080016ad   Thumb Code    18  stm32f4xx_tim.o(i.TIM_SetIC1Prescaler)
    TIM_SetIC2Prescaler                      0x080016bf   Thumb Code    26  stm32f4xx_tim.o(i.TIM_SetIC2Prescaler)
    TIM_SetIC3Prescaler                      0x080016d9   Thumb Code    18  stm32f4xx_tim.o(i.TIM_SetIC3Prescaler)
    TIM_SetIC4Prescaler                      0x080016eb   Thumb Code    26  stm32f4xx_tim.o(i.TIM_SetIC4Prescaler)
    TIM_TimeBaseInit                         0x08001705   Thumb Code   104  stm32f4xx_tim.o(i.TIM_TimeBaseInit)
    USART1_IRQHandler                        0x08001789   Thumb Code    26  stm32f4xx_it.o(i.USART1_IRQHandler)
    USART1_SendByte                          0x080017a9   Thumb Code    28  usart.o(i.USART1_SendByte)
    USART_Cmd                                0x080017c9   Thumb Code    24  stm32f4xx_usart.o(i.USART_Cmd)
    USART_Configuration                      0x080017e1   Thumb Code    62  usart.o(i.USART_Configuration)
    USART_GPIO_Configuration                 0x08001825   Thumb Code    68  usart.o(i.USART_GPIO_Configuration)
    USART_GetFlagStatus                      0x0800186d   Thumb Code    26  stm32f4xx_usart.o(i.USART_GetFlagStatus)
    USART_ITConfig                           0x08001887   Thumb Code    74  stm32f4xx_usart.o(i.USART_ITConfig)
    USART_Init                               0x080018d1   Thumb Code   204  stm32f4xx_usart.o(i.USART_Init)
    USART_Initializes                        0x080019a5   Thumb Code    12  usart.o(i.USART_Initializes)
    USART_SendData                           0x080019b1   Thumb Code     8  stm32f4xx_usart.o(i.USART_SendData)
    UsageFault_Handler                       0x080019b9   Thumb Code     4  stm32f4xx_it.o(i.UsageFault_Handler)
    __scatterload_copy                       0x080019bd   Thumb Code    14  handlers.o(i.__scatterload_copy)
    __scatterload_null                       0x080019cb   Thumb Code     2  handlers.o(i.__scatterload_null)
    __scatterload_zeroinit                   0x080019cd   Thumb Code    14  handlers.o(i.__scatterload_zeroinit)
    main                                     0x080019dd   Thumb Code   230  main.o(i.main)
    mypow                                    0x08001b0d   Thumb Code    22  oled.o(i.mypow)
    proc_data                                0x08001b25   Thumb Code   156  main.o(i.proc_data)
    asc2_1206                                0x08001bc8   Data        1140  oled.o(.constdata)
    asc2_1608                                0x0800203c   Data        1520  oled.o(.constdata)
    asc2_2412                                0x0800262c   Data        3420  oled.o(.constdata)
    Region$$Table$$Base                      0x08003388   Number         0  anon$$obj.o(Region$$Table)
    Region$$Table$$Limit                     0x080033a8   Number         0  anon$$obj.o(Region$$Table)
    SystemCoreClock                          0x20000010   Data           4  system_stm32f4xx.o(.data)
    AHBPrescTable                            0x20000014   Data          16  system_stm32f4xx.o(.data)
    Freq_InputCapture                        0x20000024   Data           4  global_variable.o(.data)
    DutyCycle_InputCapture                   0x20000028   Data           4  global_variable.o(.data)
    Rise                                     0x2000002c   Data           4  global_variable.o(.data)
    Max                                      0x20000030   Data           4  global_variable.o(.data)
    OLED_GRAM                                0x2000005c   Data        1024  oled.o(.bss)
    data                                     0x2000045c   Data         100  global_variable.o(.bss)
    __initial_sp                             0x200008c0   Data           0  startup_stm32f40_41xxx.o(STACK)



==============================================================================

Memory Map of the image

  Image Entry point : 0x08000189

  Load Region LR_IROM1 (Base: 0x08000000, Size: 0x00003404, Max: 0x00080000, ABSOLUTE)

    Execution Region ER_IROM1 (Base: 0x08000000, Size: 0x000033a8, Max: 0x00080000, ABSOLUTE)

    Base Addr    Size         Type   Attr      Idx    E Section Name        Object

    0x08000000   0x00000188   Data   RO            3    RESET               startup_stm32f40_41xxx.o
    0x08000188   0x00000000   Code   RO         2315  * .ARM.Collect$$$$00000000  mc_w.l(entry.o)
    0x08000188   0x00000004   Code   RO         2318    .ARM.Collect$$$$00000001  mc_w.l(entry2.o)
    0x0800018c   0x00000004   Code   RO         2321    .ARM.Collect$$$$00000004  mc_w.l(entry5.o)
    0x08000190   0x00000000   Code   RO         2323    .ARM.Collect$$$$00000008  mc_w.l(entry7b.o)
    0x08000190   0x00000000   Code   RO         2325    .ARM.Collect$$$$0000000A  mc_w.l(entry8b.o)
    0x08000190   0x00000008   Code   RO         2326    .ARM.Collect$$$$0000000B  mc_w.l(entry9a.o)
    0x08000198   0x00000000   Code   RO         2328    .ARM.Collect$$$$0000000D  mc_w.l(entry10a.o)
    0x08000198   0x00000000   Code   RO         2330    .ARM.Collect$$$$0000000F  mc_w.l(entry11a.o)
    0x08000198   0x00000004   Code   RO         2319    .ARM.Collect$$$$00002712  mc_w.l(entry2.o)
    0x0800019c   0x00000024   Code   RO            4    .text               startup_stm32f40_41xxx.o
    0x080001c0   0x00000024   Code   RO         2332    .text               mc_w.l(init.o)
    0x080001e4   0x00000016   Code   RO         1496    i.ADC_Cmd           stm32f4xx_adc.o
    0x080001fa   0x00000002   PAD
    0x080001fc   0x00000030   Code   RO         1497    i.ADC_CommonInit    stm32f4xx_adc.o
    0x0800022c   0x00000008   Code   RO         1508    i.ADC_GetConversionValue  stm32f4xx_adc.o
    0x08000234   0x00000054   Code   RO         1516    i.ADC_Init          stm32f4xx_adc.o
    0x08000288   0x0000005c   Code   RO         1928    i.ADC_Initializes   adc.o
    0x080002e4   0x000000b8   Code   RO         1521    i.ADC_RegularChannelConfig  stm32f4xx_adc.o
    0x0800039c   0x0000000a   Code   RO         1523    i.ADC_SoftwareStartConv  stm32f4xx_adc.o
    0x080003a6   0x0000001c   Code   RO         1796    i.BSP_Initializes   bsp.o
    0x080003c2   0x00000004   Code   RO         2212    i.BusFault_Handler  stm32f4xx_it.o
    0x080003c6   0x00000002   Code   RO         2213    i.DebugMon_Handler  stm32f4xx_it.o
    0x080003c8   0x00000020   Code   RO         2214    i.EXTI0_IRQHandler  stm32f4xx_it.o
    0x080003e8   0x00000030   Code   RO         2215    i.EXTI1_IRQHandler  stm32f4xx_it.o
    0x08000418   0x0000000c   Code   RO         1365    i.EXTI_ClearITPendingBit  stm32f4xx_exti.o
    0x08000424   0x00000018   Code   RO         1369    i.EXTI_GetITStatus  stm32f4xx_exti.o
    0x0800043c   0x00000094   Code   RO         1370    i.EXTI_Init         stm32f4xx_exti.o
    0x080004d0   0x000000e8   Code   RO         1797    i.GPIO_Basic_Configuration  bsp.o
    0x080005b8   0x0000002a   Code   RO         1798    i.GPIO_EXTILineConfig  bsp.o
    0x080005e2   0x00000090   Code   RO          167    i.GPIO_Init         stm32f4xx_gpio.o
    0x08000672   0x00000046   Code   RO          168    i.GPIO_PinAFConfig  stm32f4xx_gpio.o
    0x080006b8   0x00000008   Code   RO          177    i.GPIO_ToggleBits   stm32f4xx_gpio.o
    0x080006c0   0x00000034   Code   RO         2116    i.Get_Data          main.o
    0x080006f4   0x00000004   Code   RO         2216    i.HardFault_Handler  stm32f4xx_it.o
    0x080006f8   0x00000004   Code   RO         2217    i.MemManage_Handler  stm32f4xx_it.o
    0x080006fc   0x00000002   Code   RO         2218    i.NMI_Handler       stm32f4xx_it.o
    0x080006fe   0x00000064   Code   RO         1799    i.NVIC_Configuration  bsp.o
    0x08000762   0x00000002   PAD
    0x08000764   0x00000078   Code   RO           13    i.NVIC_Init         misc.o
    0x080007dc   0x00000014   Code   RO           14    i.NVIC_PriorityGroupConfig  misc.o
    0x080007f0   0x00000030   Code   RO         1955    i.OLED_Clear        oled.o
    0x08000820   0x0000000c   Code   RO         1956    i.OLED_Data_Out     oled.o
    0x0800082c   0x00000068   Code   RO         1957    i.OLED_DrawPoint    oled.o
    0x08000894   0x00000108   Code   RO         1958    i.OLED_Init         oled.o
    0x0800099c   0x0000004c   Code   RO         1959    i.OLED_Refresh_Gram  oled.o
    0x080009e8   0x0000010c   Code   RO         1960    i.OLED_ShowChar     oled.o
    0x08000af4   0x00000094   Code   RO         1961    i.OLED_ShowNum      oled.o
    0x08000b88   0x0000005e   Code   RO         1962    i.OLED_ShowString   oled.o
    0x08000be6   0x00000002   PAD
    0x08000be8   0x0000003c   Code   RO         1963    i.OLED_WR_Byte      oled.o
    0x08000c24   0x00000002   Code   RO         2219    i.PendSV_Handler    stm32f4xx_it.o
    0x08000c26   0x00000002   PAD
    0x08000c28   0x00000020   Code   RO          268    i.RCC_AHB1PeriphClockCmd  stm32f4xx_rcc.o
    0x08000c48   0x00000020   Code   RO          277    i.RCC_APB1PeriphClockCmd  stm32f4xx_rcc.o
    0x08000c68   0x00000020   Code   RO          280    i.RCC_APB2PeriphClockCmd  stm32f4xx_rcc.o
    0x08000c88   0x00000034   Code   RO         1800    i.RCC_Configuration  bsp.o
    0x08000cbc   0x000000e8   Code   RO          289    i.RCC_GetClocksFreq  stm32f4xx_rcc.o
    0x08000da4   0x00000002   Code   RO         2220    i.SVC_Handler       stm32f4xx_it.o
    0x08000da6   0x00000002   PAD
    0x08000da8   0x00000040   Code   RO         1433    i.SYSCFG_EXTILineConfig  stm32f4xx_syscfg.o
    0x08000de8   0x000000ec   Code   RO         1736    i.SetSysClock       system_stm32f4xx.o
    0x08000ed4   0x00000002   Code   RO         2221    i.SysTick_Handler   stm32f4xx_it.o
    0x08000ed6   0x00000002   PAD
    0x08000ed8   0x00000068   Code   RO         1738    i.SystemInit        system_stm32f4xx.o
    0x08000f40   0x00000018   Code   RO         2117    i.System_Initializes  main.o
    0x08000f58   0x0000003a   Code   RO          606    i.TI1_Config        stm32f4xx_tim.o
    0x08000f92   0x00000050   Code   RO          607    i.TI2_Config        stm32f4xx_tim.o
    0x08000fe2   0x00000048   Code   RO          608    i.TI3_Config        stm32f4xx_tim.o
    0x0800102a   0x00000050   Code   RO          609    i.TI4_Config        stm32f4xx_tim.o
    0x0800107a   0x00000002   PAD
    0x0800107c   0x00000078   Code   RO         1847    i.TIM2_CH2_PWM      timer.o
    0x080010f4   0x00000140   Code   RO         2222    i.TIM3_IRQHandler   stm32f4xx_it.o
    0x08001234   0x000000bc   Code   RO         2223    i.TIM5_IRQHandler   stm32f4xx_it.o
    0x080012f0   0x0000001a   Code   RO         1848    i.TIMDelay_Nms      timer.o
    0x0800130a   0x00000002   PAD
    0x0800130c   0x0000003c   Code   RO         1849    i.TIMDelay_Nus      timer.o
    0x08001348   0x00000024   Code   RO         1850    i.TIMER1_Initializes  timer.o
    0x0800136c   0x00000060   Code   RO         1851    i.TIMER5_IC_Configuration  timer.o
    0x080013cc   0x0000007c   Code   RO         1852    i.TIMER_IC_Configuration  timer.o
    0x08001448   0x0000005c   Code   RO         1853    i.TIMER_IC_GPIO_Configuration  timer.o
    0x080014a4   0x00000010   Code   RO         1854    i.TIMER_IC_Initializes  timer.o
    0x080014b4   0x00000048   Code   RO         1855    i.TIMER_Initializes  timer.o
    0x080014fc   0x00000034   Code   RO         1856    i.TIMER_PWM_GPIO_Configuration  timer.o
    0x08001530   0x00000006   Code   RO          616    i.TIM_ClearFlag     stm32f4xx_tim.o
    0x08001536   0x00000006   Code   RO          617    i.TIM_ClearITPendingBit  stm32f4xx_tim.o
    0x0800153c   0x00000018   Code   RO          622    i.TIM_Cmd           stm32f4xx_tim.o
    0x08001554   0x00000012   Code   RO          642    i.TIM_GetFlagStatus  stm32f4xx_tim.o
    0x08001566   0x00000022   Code   RO          643    i.TIM_GetITStatus   stm32f4xx_tim.o
    0x08001588   0x0000006e   Code   RO          645    i.TIM_ICInit        stm32f4xx_tim.o
    0x080015f6   0x00000012   Code   RO          647    i.TIM_ITConfig      stm32f4xx_tim.o
    0x08001608   0x000000a4   Code   RO          656    i.TIM_OC2Init       stm32f4xx_tim.o
    0x080016ac   0x00000012   Code   RO          689    i.TIM_SetIC1Prescaler  stm32f4xx_tim.o
    0x080016be   0x0000001a   Code   RO          690    i.TIM_SetIC2Prescaler  stm32f4xx_tim.o
    0x080016d8   0x00000012   Code   RO          691    i.TIM_SetIC3Prescaler  stm32f4xx_tim.o
    0x080016ea   0x0000001a   Code   RO          692    i.TIM_SetIC4Prescaler  stm32f4xx_tim.o
    0x08001704   0x00000084   Code   RO          694    i.TIM_TimeBaseInit  stm32f4xx_tim.o
    0x08001788   0x00000020   Code   RO         2224    i.USART1_IRQHandler  stm32f4xx_it.o
    0x080017a8   0x00000020   Code   RO         2043    i.USART1_SendByte   usart.o
    0x080017c8   0x00000018   Code   RO         1176    i.USART_Cmd         stm32f4xx_usart.o
    0x080017e0   0x00000044   Code   RO         2046    i.USART_Configuration  usart.o
    0x08001824   0x00000048   Code   RO         2047    i.USART_GPIO_Configuration  usart.o
    0x0800186c   0x0000001a   Code   RO         1179    i.USART_GetFlagStatus  stm32f4xx_usart.o
    0x08001886   0x0000004a   Code   RO         1182    i.USART_ITConfig    stm32f4xx_usart.o
    0x080018d0   0x000000d4   Code   RO         1183    i.USART_Init        stm32f4xx_usart.o
    0x080019a4   0x0000000c   Code   RO         2048    i.USART_Initializes  usart.o
    0x080019b0   0x00000008   Code   RO         1193    i.USART_SendData    stm32f4xx_usart.o
    0x080019b8   0x00000004   Code   RO         2225    i.UsageFault_Handler  stm32f4xx_it.o
    0x080019bc   0x0000000e   Code   RO         2336    i.__scatterload_copy  mc_w.l(handlers.o)
    0x080019ca   0x00000002   Code   RO         2337    i.__scatterload_null  mc_w.l(handlers.o)
    0x080019cc   0x0000000e   Code   RO         2338    i.__scatterload_zeroinit  mc_w.l(handlers.o)
    0x080019da   0x00000002   PAD
    0x080019dc   0x00000130   Code   RO         2118    i.main              main.o
    0x08001b0c   0x00000016   Code   RO         1964    i.mypow             oled.o
    0x08001b22   0x00000002   PAD
    0x08001b24   0x000000a4   Code   RO         2119    i.proc_data         main.o
    0x08001bc8   0x000017c0   Data   RO         1966    .constdata          oled.o
    0x08003388   0x00000020   Data   RO         2334    Region$$Table       anon$$obj.o


    Execution Region RW_IRAM1 (Base: 0x20000000, Size: 0x000008c0, Max: 0x00020000, ABSOLUTE)

    Base Addr    Size         Type   Attr      Idx    E Section Name        Object

    0x20000000   0x00000010   Data   RW          321    .data               stm32f4xx_rcc.o
    0x20000010   0x00000014   Data   RW         1739    .data               system_stm32f4xx.o
    0x20000024   0x00000010   Data   RW         2188    .data               global_variable.o
    0x20000034   0x00000028   Data   RW         2226    .data               stm32f4xx_it.o
    0x2000005c   0x00000400   Zero   RW         1965    .bss                oled.o
    0x2000045c   0x00000064   Zero   RW         2187    .bss                global_variable.o
    0x200004c0   0x00000400   Zero   RW            1    STACK               startup_stm32f40_41xxx.o


==============================================================================

Image component sizes


      Code (inc. data)   RO Data    RW Data    ZI Data      Debug   Object Name

        92          6          0          0          0        574   adc.o
       454         22          0          0          0       2672   bsp.o
         0          0          0         16        100        621   global_variable.o
       544         90          0          0          0       2035   main.o
       140         24          0          0          0     308663   misc.o
      1096         62       6080          0       1024       6988   oled.o
        36          8        392          0       1024        904   startup_stm32f40_41xxx.o
       356         24          0          0          0       5090   stm32f4xx_adc.o
       184         16          0          0          0       2216   stm32f4xx_exti.o
       222          0          0          0          0       2449   stm32f4xx_gpio.o
       646         90          0         40          0       6696   stm32f4xx_it.o
       328         36          0         16          0       4819   stm32f4xx_rcc.o
        64          4          0          0          0        680   stm32f4xx_syscfg.o
       890         38          0          0          0      11877   stm32f4xx_tim.o
       344          8          0          0          0       4269   stm32f4xx_usart.o
       340         32          0         20          0       1893   system_stm32f4xx.o
       694         54          0          0          0       5429   timer.o
       184         14          0          0          0       1975   usart.o

    ----------------------------------------------------------------------
      6632        528       6504         92       2148     369850   Object Totals
         0          0         32          0          0          0   (incl. Generated)
        18          0          0          0          0          0   (incl. Padding)

    ----------------------------------------------------------------------

      Code (inc. data)   RO Data    RW Data    ZI Data      Debug   Library Member Name

         0          0          0          0          0          0   entry.o
         0          0          0          0          0          0   entry10a.o
         0          0          0          0          0          0   entry11a.o
         8          4          0          0          0          0   entry2.o
         4          0          0          0          0          0   entry5.o
         0          0          0          0          0          0   entry7b.o
         0          0          0          0          0          0   entry8b.o
         8          4          0          0          0          0   entry9a.o
        30          0          0          0          0          0   handlers.o
        36          8          0          0          0         68   init.o

    ----------------------------------------------------------------------
        88         16          0          0          0         68   Library Totals
         2          0          0          0          0          0   (incl. Padding)

    ----------------------------------------------------------------------

      Code (inc. data)   RO Data    RW Data    ZI Data      Debug   Library Name

        86         16          0          0          0         68   mc_w.l

    ----------------------------------------------------------------------
        88         16          0          0          0         68   Library Totals

    ----------------------------------------------------------------------

==============================================================================


      Code (inc. data)   RO Data    RW Data    ZI Data      Debug   

      6720        544       6504         92       2148     361522   Grand Totals
      6720        544       6504         92       2148     361522   ELF Image Totals
      6720        544       6504         92          0          0   ROM Totals

==============================================================================

    Total RO  Size (Code + RO Data)                13224 (  12.91kB)
    Total RW  Size (RW Data + ZI Data)              2240 (   2.19kB)
    Total ROM Size (Code + RO Data + RW Data)      13316 (  13.00kB)

==============================================================================

